// Jest Snapshot v1, https://goo.gl/fbAQLP

exports[`redirects correctly 1`] = `null`;

exports[`renders correctly 1`] = `
<div
  currentUser={true}
  name="products"
  path="/products/easy"
  render={[Function]}
>
   - Render: 
  <div
    id={1}
    name="game"
    path="/game_setting"
    render={[Function]}
  >
    Info -
     
    <div
      className="Component-root-8"
    >
      <div
        className="Component-header-6"
      />
      <div
        className="Component-container-3"
      >
        <img
          alt="Prizey"
          className="Component-logoImage-7"
          src="/logo.png"
        />
        <div
          className="Component-caption-1"
        />
        <div
          className="Component-children-2"
        >
          <a
            href="/game"
            onClick={[Function]}
            style={
              Object {
                "textDecoration": "none",
              }
            }
          >
            <div
              className="Component-root-10"
            >
              <div
                aria-label="rouletteItem-0"
                onMouseDown={[Function]}
              >
                <img
                  alt="trump"
                  className="Component-img-9"
                  pose="enter"
                  speed={NaN}
                  src="/mocks/trump-mask.png"
                />
              </div>
              <div
                aria-label="rouletteItem-1"
                onMouseDown={[Function]}
              >
                <img
                  alt="sweatshirt"
                  className="Component-img-9"
                  pose="leave"
                  speed={NaN}
                  src="/mocks/sweatshirt.png"
                />
              </div>
              <div
                aria-label="rouletteItem-2"
                onMouseDown={[Function]}
              >
                <img
                  alt="shoe"
                  className="Component-img-9"
                  pose="leave"
                  speed={NaN}
                  src="/mocks/shoe.png"
                />
              </div>
            </div>
            <br />
            <h5
              className="MuiTypography-root-11 MuiTypography-h5-27 MuiTypography-alignCenter-34"
            >
              Tap the screen, 
              <br />
              win what you tap.
            </h5>
            <br />
            <button
              aria-label="I want it"
              className="MuiButtonBase-root-73 MuiButton-root-47 MuiButton-contained-58 MuiButton-containedPrimary-59 MuiButton-raised-61 MuiButton-raisedPrimary-62 MuiButton-fullWidth-72"
              disabled={false}
              onBlur={[Function]}
              onContextMenu={[Function]}
              onFocus={[Function]}
              onKeyDown={[Function]}
              onKeyUp={[Function]}
              onMouseDown={[Function]}
              onMouseLeave={[Function]}
              onMouseUp={[Function]}
              onTouchEnd={[Function]}
              onTouchMove={[Function]}
              onTouchStart={[Function]}
              tabIndex="0"
              type="button"
            >
              <span
                className="MuiButton-label-48"
              >
                PLAY FOR $1
              </span>
              <span
                className="MuiTouchRipple-root-76"
              />
            </button>
          </a>
        </div>
        <div
          className="Component-footer-4"
        >
          <a
            className="Component-footerLink-5"
            href="https://termly.io/en/"
            rel="noopener noreferrer"
            target="_blank"
          >
            <span
              className="MuiTypography-root-11 MuiTypography-caption-21 MuiTypography-colorTextSecondary-44 MuiTypography-alignCenter-34"
            >
              TERMS
            </span>
          </a>
          <a
            className="Component-footerLink-5"
            href="https://termly.io/en/"
            rel="noopener noreferrer"
            target="_blank"
          >
            <span
              className="MuiTypography-root-11 MuiTypography-caption-21 MuiTypography-colorTextSecondary-44 MuiTypography-alignCenter-34"
            >
              PRIVACY
            </span>
          </a>
          <a
            className="Component-footerLink-5"
            href="https://termly.io/en/"
            rel="noopener noreferrer"
            target="_blank"
          >
            <span
              className="MuiTypography-root-11 MuiTypography-caption-21 MuiTypography-colorTextSecondary-44 MuiTypography-alignCenter-34"
            >
              FAIRNESS
            </span>
          </a>
          <a
            className="Component-footerLink-5"
            href="https://termly.io/en/"
            rel="noopener noreferrer"
            target="_blank"
          >
            <span
              className="MuiTypography-root-11 MuiTypography-caption-21 MuiTypography-colorTextSecondary-44 MuiTypography-alignCenter-34"
            >
              ALL PRIZES
            </span>
          </a>
        </div>
      </div>
    </div>
  </div>
</div>
`;
