// Jest Snapshot v1, https://goo.gl/fbAQLP

exports[`redirects correctly 1`] = `
<div
  name="products"
  path="/products/home"
  render={[Function]}
>
   - Render: 
  <div
    id={1}
    name="game"
    path="/game_setting"
    render={[Function]}
  >
    Info -
     
    <div
      className="Component-root-6"
    >
      <div
        className="Component-header-5"
      />
      <div
        className="Component-container-4"
      >
        <h2
          className="MuiTypography-root-7 MuiTypography-h2-20 MuiTypography-alignCenter-30"
        >
          PRIZEY
        </h2>
        <div
          className="Component-caption-2"
        />
        <div
          className="Component-children-3"
        >
          <a
            className="Component-root-1"
            href="/game"
            onClick={[Function]}
          >
            <div
              className="Component-root-44"
            >
              <div
                aria-label="rouletteItem-0"
                onMouseDown={[Function]}
              >
                <img
                  alt="trump"
                  className="Component-img-43"
                  pose="enter"
                  speed={NaN}
                  src="/mocks/trump-mask.png"
                />
              </div>
              <div
                aria-label="rouletteItem-1"
                onMouseDown={[Function]}
              >
                <img
                  alt="sweatshirt"
                  className="Component-img-43"
                  pose="leave"
                  speed={NaN}
                  src="/mocks/sweatshirt.png"
                />
              </div>
              <div
                aria-label="rouletteItem-2"
                onMouseDown={[Function]}
              >
                <img
                  alt="shoe"
                  className="Component-img-43"
                  pose="leave"
                  speed={NaN}
                  src="/mocks/shoe.png"
                />
              </div>
            </div>
            <br />
            <h5
              className="MuiTypography-root-7 MuiTypography-h5-23 MuiTypography-alignCenter-30"
            >
              Tap the screen, 
              <br />
              win what you tap.
            </h5>
            <button
              aria-label="I want it"
              className="MuiButtonBase-root-71 MuiButton-root-45 MuiButton-contained-56 MuiButton-containedPrimary-57 MuiButton-raised-59 MuiButton-raisedPrimary-60 MuiButton-fullWidth-70"
              disabled={false}
              onBlur={[Function]}
              onContextMenu={[Function]}
              onFocus={[Function]}
              onKeyDown={[Function]}
              onKeyUp={[Function]}
              onMouseDown={[Function]}
              onMouseLeave={[Function]}
              onMouseUp={[Function]}
              onTouchEnd={[Function]}
              onTouchMove={[Function]}
              onTouchStart={[Function]}
              tabIndex="0"
              type="button"
            >
              <span
                className="MuiButton-label-46"
              >
                PLAY FOR $1
              </span>
              <span
                className="MuiTouchRipple-root-74"
              />
            </button>
          </a>
        </div>
        <p
          className="MuiTypography-root-7 MuiTypography-body1-16 MuiTypography-alignCenter-30"
        />
      </div>
    </div>
  </div>
</div>
`;

exports[`renders correctly 1`] = `
<div
  name="products"
  path="/products/home"
  render={[Function]}
>
   - Render: 
  <div
    id={1}
    name="game"
    path="/game_setting"
    render={[Function]}
  >
    Info -
     
    <div
      className="Component-root-6"
    >
      <div
        className="Component-header-5"
      />
      <div
        className="Component-container-4"
      >
        <h2
          className="MuiTypography-root-7 MuiTypography-h2-20 MuiTypography-alignCenter-30"
        >
          PRIZEY
        </h2>
        <div
          className="Component-caption-2"
        />
        <div
          className="Component-children-3"
        >
          <a
            className="Component-root-1"
            href="/game"
            onClick={[Function]}
          >
            <div
              className="Component-root-44"
            >
              <div
                aria-label="rouletteItem-0"
                onMouseDown={[Function]}
              >
                <img
                  alt="trump"
                  className="Component-img-43"
                  pose="enter"
                  speed={NaN}
                  src="/mocks/trump-mask.png"
                />
              </div>
              <div
                aria-label="rouletteItem-1"
                onMouseDown={[Function]}
              >
                <img
                  alt="sweatshirt"
                  className="Component-img-43"
                  pose="leave"
                  speed={NaN}
                  src="/mocks/sweatshirt.png"
                />
              </div>
              <div
                aria-label="rouletteItem-2"
                onMouseDown={[Function]}
              >
                <img
                  alt="shoe"
                  className="Component-img-43"
                  pose="leave"
                  speed={NaN}
                  src="/mocks/shoe.png"
                />
              </div>
            </div>
            <br />
            <h5
              className="MuiTypography-root-7 MuiTypography-h5-23 MuiTypography-alignCenter-30"
            >
              Tap the screen, 
              <br />
              win what you tap.
            </h5>
            <button
              aria-label="I want it"
              className="MuiButtonBase-root-71 MuiButton-root-45 MuiButton-contained-56 MuiButton-containedPrimary-57 MuiButton-raised-59 MuiButton-raisedPrimary-60 MuiButton-fullWidth-70"
              disabled={false}
              onBlur={[Function]}
              onContextMenu={[Function]}
              onFocus={[Function]}
              onKeyDown={[Function]}
              onKeyUp={[Function]}
              onMouseDown={[Function]}
              onMouseLeave={[Function]}
              onMouseUp={[Function]}
              onTouchEnd={[Function]}
              onTouchMove={[Function]}
              onTouchStart={[Function]}
              tabIndex="0"
              type="button"
            >
              <span
                className="MuiButton-label-46"
              >
                PLAY FOR $1
              </span>
              <span
                className="MuiTouchRipple-root-74"
              />
            </button>
          </a>
        </div>
        <p
          className="MuiTypography-root-7 MuiTypography-body1-16 MuiTypography-alignCenter-30"
        />
      </div>
    </div>
  </div>
</div>
`;
