// Jest Snapshot v1, https://goo.gl/fbAQLP

exports[`renders correctly 1`] = `
<div
  render={[Function]}
  renderCreated={[Function]}
>
  New - 
  <div>
    render - 
    <div
      className="Component-root-7"
    >
      <div
        className="Component-header-5"
      />
      <div
        className="Component-container-4"
      >
        <img
          className="Component-logoImage-6"
          src="/logo.png"
        />
        <div
          className="Component-caption-2"
        />
        <div
          className="Component-children-3"
        >
          <h5
            className="MuiTypography-root-8 MuiTypography-h5-24 MuiTypography-alignCenter-31 Component-pageTitle-1"
          >
            Reset Your Password
          </h5>
          <div
            onSubmit={[Function]}
            renderButton={[Function]}
          >
            ForgotPassword - 
            <button
              className="MuiButtonBase-root-70 MuiButton-root-44 MuiButton-contained-55 MuiButton-containedPrimary-56 MuiButton-raised-58 MuiButton-raisedPrimary-59 MuiButton-fullWidth-69"
              disabled={false}
              onBlur={[Function]}
              onContextMenu={[Function]}
              onFocus={[Function]}
              onKeyDown={[Function]}
              onKeyUp={[Function]}
              onMouseDown={[Function]}
              onMouseLeave={[Function]}
              onMouseUp={[Function]}
              onSubmit={[Function]}
              onTouchEnd={[Function]}
              onTouchMove={[Function]}
              onTouchStart={[Function]}
              renderButton={[Function]}
              tabIndex="0"
              type="button"
            >
              <span
                className="MuiButton-label-45"
              >
                SEND EMAIL
              </span>
              <span
                className="MuiTouchRipple-root-73"
              />
            </button>
          </div>
        </div>
        <p
          className="MuiTypography-root-8 MuiTypography-body1-17 MuiTypography-alignCenter-31"
        />
      </div>
    </div>
  </div>
  <div>
    renderCreated - 
    <div
      noThrow={true}
      to="/forgot-password/sent"
    >
      Redirect - 
    </div>
  </div>
</div>
`;
