// Jest Snapshot v1, https://goo.gl/fbAQLP

exports[`renders correctly 1`] = `
<div
  className="Component-root-7"
>
  <div
    className="Component-header-6"
  />
  <div
    className="Component-container-3"
  >
    <h2
      className="MuiTypography-root-8 MuiTypography-h2-21 MuiTypography-alignCenter-31"
    >
      PRIZEY
    </h2>
    <div
      className="Component-caption-1"
    />
    <div
      className="Component-children-2"
    >
      <h6
        className="MuiTypography-root-8 MuiTypography-h6-25 MuiTypography-alignCenter-31"
      >
        Instructions for reseting your password have been sent to your email
      </h6>
    </div>
    <div
      className="Component-footer-4"
    >
      <a
        className="Component-footerLink-5"
        href="https://termly.io/en/"
        rel="noopener noreferrer"
        target="_blank"
      >
        <span
          className="MuiTypography-root-8 MuiTypography-caption-18 MuiTypography-colorTextSecondary-41 MuiTypography-alignCenter-31"
        >
          TERMS
        </span>
      </a>
      <a
        className="Component-footerLink-5"
        href="https://termly.io/en/"
        rel="noopener noreferrer"
        target="_blank"
      >
        <span
          className="MuiTypography-root-8 MuiTypography-caption-18 MuiTypography-colorTextSecondary-41 MuiTypography-alignCenter-31"
        >
          PRIVACY
        </span>
      </a>
      <a
        className="Component-footerLink-5"
        href="https://termly.io/en/"
        rel="noopener noreferrer"
        target="_blank"
      >
        <span
          className="MuiTypography-root-8 MuiTypography-caption-18 MuiTypography-colorTextSecondary-41 MuiTypography-alignCenter-31"
        >
          FAIRNESS
        </span>
      </a>
      <a
        className="Component-footerLink-5"
        href="https://termly.io/en/"
        rel="noopener noreferrer"
        target="_blank"
      >
        <span
          className="MuiTypography-root-8 MuiTypography-caption-18 MuiTypography-colorTextSecondary-41 MuiTypography-alignCenter-31"
        >
          ALL PRIZES
        </span>
      </a>
    </div>
  </div>
</div>
`;
