// Jest Snapshot v1, https://goo.gl/fbAQLP

exports[`renders correctly 1`] = `
<div
  render={[Function]}
  renderCreated={[Function]}
>
  New - 
  <div>
    render - 
    <div
      className="Component-root-8"
    >
      <div
        className="Component-header-7"
      />
      <div
        className="Component-container-4"
      >
        <h2
          className="MuiTypography-root-9 MuiTypography-h2-22 MuiTypography-alignCenter-32"
        >
          PRIZEY
        </h2>
        <div
          className="Component-caption-2"
        />
        <div
          className="Component-children-3"
        >
          <h5
            className="MuiTypography-root-9 MuiTypography-h5-25 MuiTypography-alignCenter-32 Component-pageTitle-1"
          >
            Reset Your Password
          </h5>
          <div
            onSubmit={[Function]}
            renderButton={[Function]}
          >
            ForgotPassword - 
            <button
              className="MuiButtonBase-root-71 MuiButton-root-45 MuiButton-contained-56 MuiButton-containedPrimary-57 MuiButton-raised-59 MuiButton-raisedPrimary-60 MuiButton-fullWidth-70"
              disabled={false}
              onBlur={[Function]}
              onContextMenu={[Function]}
              onFocus={[Function]}
              onKeyDown={[Function]}
              onKeyUp={[Function]}
              onMouseDown={[Function]}
              onMouseLeave={[Function]}
              onMouseUp={[Function]}
              onSubmit={[Function]}
              onTouchEnd={[Function]}
              onTouchMove={[Function]}
              onTouchStart={[Function]}
              renderButton={[Function]}
              tabIndex="0"
              type="button"
            >
              <span
                className="MuiButton-label-46"
              >
                SEND EMAIL
              </span>
              <span
                className="MuiTouchRipple-root-74"
              />
            </button>
          </div>
        </div>
        <div
          className="Component-footer-5"
        >
          <a
            className="Component-footerLink-6"
            href="https://termly.io/en/"
            rel="noopener noreferrer"
            target="_blank"
          >
            <span
              className="MuiTypography-root-9 MuiTypography-caption-19 MuiTypography-colorTextSecondary-42 MuiTypography-alignCenter-32"
            >
              TERMS
            </span>
          </a>
          <a
            className="Component-footerLink-6"
            href="https://termly.io/en/"
            rel="noopener noreferrer"
            target="_blank"
          >
            <span
              className="MuiTypography-root-9 MuiTypography-caption-19 MuiTypography-colorTextSecondary-42 MuiTypography-alignCenter-32"
            >
              PRIVACY
            </span>
          </a>
          <a
            className="Component-footerLink-6"
            href="https://termly.io/en/"
            rel="noopener noreferrer"
            target="_blank"
          >
            <span
              className="MuiTypography-root-9 MuiTypography-caption-19 MuiTypography-colorTextSecondary-42 MuiTypography-alignCenter-32"
            >
              FAIRNESS
            </span>
          </a>
          <a
            className="Component-footerLink-6"
            href="https://termly.io/en/"
            rel="noopener noreferrer"
            target="_blank"
          >
            <span
              className="MuiTypography-root-9 MuiTypography-caption-19 MuiTypography-colorTextSecondary-42 MuiTypography-alignCenter-32"
            >
              ALL PRIZES
            </span>
          </a>
        </div>
      </div>
    </div>
  </div>
  <div>
    renderCreated - 
    <div
      noThrow={true}
      to="/forgot-password/sent"
    >
      Redirect - 
    </div>
  </div>
</div>
`;
