// Jest Snapshot v1, https://goo.gl/fbAQLP

exports[`renders correctly 1`] = `
<div
  className="Component-root-7"
>
  <div
    className="Component-header-5"
  />
  <div
    className="Component-container-4"
  >
    <img
      className="Component-logoImage-6"
      src="/logo.png"
    />
    <div
      className="Component-caption-2"
    />
    <div
      className="Component-children-3"
    >
      <h2
        className="MuiTypography-root-8 MuiTypography-h2-21 MuiTypography-alignCenter-31 Component-pageTitle-1"
      >
        You are blocked!
      </h2>
      <h5
        className="MuiTypography-root-8 MuiTypography-h5-24 MuiTypography-alignCenter-31"
      >
        Due to recent events on your account history we blocked you, but do not worry, enter in contact through
         
        <a
          className="MuiButtonBase-root-70 MuiButton-root-44 MuiButton-contained-55 MuiButton-containedPrimary-56 MuiButton-raised-58 MuiButton-raisedPrimary-59 MuiButton-fullWidth-69"
          href="mailto:contact@prizeyapp.com"
          onBlur={[Function]}
          onContextMenu={[Function]}
          onFocus={[Function]}
          onKeyDown={[Function]}
          onKeyUp={[Function]}
          onMouseDown={[Function]}
          onMouseLeave={[Function]}
          onMouseUp={[Function]}
          onTouchEnd={[Function]}
          onTouchMove={[Function]}
          onTouchStart={[Function]}
          role="button"
          tabIndex="0"
        >
          <span
            className="MuiButton-label-45"
          >
            contact@prizeyapp.com
          </span>
          <span
            className="MuiTouchRipple-root-73"
          />
        </a>
      </h5>
    </div>
    <p
      className="MuiTypography-root-8 MuiTypography-body1-17 MuiTypography-alignCenter-31"
    />
  </div>
</div>
`;
