// Jest Snapshot v1, https://goo.gl/fbAQLP

exports[`redirects correctly 1`] = `null`;

exports[`redirects correctly when doesn't have product 1`] = `null`;

exports[`renders Component correctly 1`] = `null`;

exports[`renders correctly 1`] = `
<div
  afterCreate={[Function]}
  name="orders"
  render={[Function]}
>
  New -
  <div>
    render -
    <div
      className="Component-root-11"
    >
      <div
        className="Component-header-9"
      />
      <div
        className="Component-container-6"
      >
        <img
          alt="Prizey"
          className="Component-logoImage-10"
          src="/logo.png"
        />
        <div
          className="Component-caption-4"
        />
        <div
          className="Component-children-5"
        >
          <div
            aria-labelledby="Are you sure?"
            classes={
              Object {
                "paper": "PlayAgain-paper-12",
              }
            }
            fullWidth={true}
            onClose={[Function]}
            open={false}
          >
            <div
              className="MuiDialogTitle-root-13"
            >
              <h2
                className="MuiTypography-root-14 MuiTypography-title-20"
              >
                Are you sure?
              </h2>
            </div>
            <div
              className="MuiDialogContent-root-50"
            >
              <p
                className="MuiTypography-root-14 MuiDialogContentText-root-51 MuiTypography-subheading-21 MuiTypography-colorTextSecondary-47"
              >
                This action can't be undone.
              </p>
            </div>
            <div
              className="MuiDialogActions-root-52"
            >
              <button
                aria-label="cancel"
                autoFocus={true}
                className="MuiButtonBase-root-80 MuiButton-root-54 MuiButton-text-56 MuiButton-textPrimary-57 MuiButton-flat-59 MuiButton-flatPrimary-60 MuiDialogActions-action-53"
                disabled={false}
                onBlur={[Function]}
                onClick={[Function]}
                onContextMenu={[Function]}
                onFocus={[Function]}
                onKeyDown={[Function]}
                onKeyUp={[Function]}
                onMouseDown={[Function]}
                onMouseLeave={[Function]}
                onMouseUp={[Function]}
                onTouchEnd={[Function]}
                onTouchMove={[Function]}
                onTouchStart={[Function]}
                tabIndex="0"
                type="button"
              >
                <span
                  className="MuiButton-label-55"
                >
                  Cancel
                </span>
                <span
                  className="MuiTouchRipple-root-83"
                />
              </button>
              <button
                aria-label="confirm"
                className="MuiButtonBase-root-80 MuiButton-root-54 MuiButton-text-56 MuiButton-textPrimary-57 MuiButton-flat-59 MuiButton-flatPrimary-60 MuiDialogActions-action-53"
                disabled={false}
                onBlur={[Function]}
                onClick={[Function]}
                onContextMenu={[Function]}
                onFocus={[Function]}
                onKeyDown={[Function]}
                onKeyUp={[Function]}
                onMouseDown={[Function]}
                onMouseLeave={[Function]}
                onMouseUp={[Function]}
                onTouchEnd={[Function]}
                onTouchMove={[Function]}
                onTouchStart={[Function]}
                tabIndex="0"
                type="button"
              >
                <span
                  className="MuiButton-label-55"
                >
                  Confirm
                </span>
                <span
                  className="MuiTouchRipple-root-83"
                />
              </button>
            </div>
          </div>
          <h5
            className="MuiTypography-root-14 MuiTypography-h5-30 MuiTypography-alignCenter-37 ConfirmOrderComponent-title-2"
          >
            Confirm Order
          </h5>
          <p
            className="MuiTypography-root-14 MuiTypography-body2-22 ConfirmOrderComponent-field-1"
          >
            Full Name
            :
             
            <span
              className="ConfirmOrderComponent-value-3"
            >
              john john
            </span>
          </p>
          <p
            className="MuiTypography-root-14 MuiTypography-body2-22 ConfirmOrderComponent-field-1"
          >
            Address
            :
             
            <span
              className="ConfirmOrderComponent-value-3"
            >
              1# street
            </span>
          </p>
          <p
            className="MuiTypography-root-14 MuiTypography-body2-22 ConfirmOrderComponent-field-1"
          >
            City
            :
             
            <span
              className="ConfirmOrderComponent-value-3"
            >
              porto alegre
            </span>
          </p>
          <p
            className="MuiTypography-root-14 MuiTypography-body2-22 ConfirmOrderComponent-field-1"
          >
            State / Province / Region
            :
             
            <span
              className="ConfirmOrderComponent-value-3"
            >
              RS
            </span>
          </p>
          <p
            className="MuiTypography-root-14 MuiTypography-body2-22 ConfirmOrderComponent-field-1"
          >
            Postal Code / ZIP
            :
             
            <span
              className="ConfirmOrderComponent-value-3"
            />
          </p>
          <p
            className="MuiTypography-root-14 MuiTypography-body2-22 ConfirmOrderComponent-field-1"
          >
            Clothing Size
            :
             
            <span
              className="ConfirmOrderComponent-value-3"
            >
              M
            </span>
          </p>
          <p
            className="MuiTypography-root-14 MuiTypography-body2-22 ConfirmOrderComponent-field-1"
          >
            Shoe Size
            :
             
            <span
              className="ConfirmOrderComponent-value-3"
            >
              42
            </span>
          </p>
          <div
            style={
              Object {
                "textAlign": "center",
              }
            }
          />
          <button
            className="MuiButtonBase-root-80 MuiButton-root-54 MuiButton-contained-65 MuiButton-containedPrimary-66 MuiButton-raised-68 MuiButton-raisedPrimary-69 MuiButton-fullWidth-79"
            disabled={false}
            onBlur={[Function]}
            onClick={[Function]}
            onContextMenu={[Function]}
            onFocus={[Function]}
            onKeyDown={[Function]}
            onKeyUp={[Function]}
            onMouseDown={[Function]}
            onMouseLeave={[Function]}
            onMouseUp={[Function]}
            onTouchEnd={[Function]}
            onTouchMove={[Function]}
            onTouchStart={[Function]}
            tabIndex="0"
            type="button"
          >
            <span
              className="MuiButton-label-55"
            >
              SHIP IT!
            </span>
            <span
              className="MuiTouchRipple-root-83"
            />
          </button>
          <button
            aria-label="Cancel"
            className="MuiButtonBase-root-80 MuiButton-root-54 MuiButton-outlined-62 MuiButton-outlinedPrimary-63 MuiButton-fullWidth-79"
            disabled={false}
            onBlur={[Function]}
            onClick={[Function]}
            onContextMenu={[Function]}
            onFocus={[Function]}
            onKeyDown={[Function]}
            onKeyUp={[Function]}
            onMouseDown={[Function]}
            onMouseLeave={[Function]}
            onMouseUp={[Function]}
            onTouchEnd={[Function]}
            onTouchMove={[Function]}
            onTouchStart={[Function]}
            tabIndex="0"
            type="button"
          >
            <span
              className="MuiButton-label-55"
            >
              CANCEL
            </span>
            <span
              className="MuiTouchRipple-root-83"
            />
          </button>
        </div>
        <div
          className="Component-footer-7"
        >
          <a
            className="Component-footerLink-8"
            href="https://termly.io/en/"
            rel="noopener noreferrer"
            target="_blank"
          >
            <span
              className="MuiTypography-root-14 MuiTypography-caption-24 MuiTypography-colorTextSecondary-47 MuiTypography-alignCenter-37"
            >
              TERMS
            </span>
          </a>
          <a
            className="Component-footerLink-8"
            href="https://termly.io/en/"
            rel="noopener noreferrer"
            target="_blank"
          >
            <span
              className="MuiTypography-root-14 MuiTypography-caption-24 MuiTypography-colorTextSecondary-47 MuiTypography-alignCenter-37"
            >
              PRIVACY
            </span>
          </a>
          <a
            className="Component-footerLink-8"
            href="https://termly.io/en/"
            rel="noopener noreferrer"
            target="_blank"
          >
            <span
              className="MuiTypography-root-14 MuiTypography-caption-24 MuiTypography-colorTextSecondary-47 MuiTypography-alignCenter-37"
            >
              FAIRNESS
            </span>
          </a>
          <a
            className="Component-footerLink-8"
            href="https://termly.io/en/"
            rel="noopener noreferrer"
            target="_blank"
          >
            <span
              className="MuiTypography-root-14 MuiTypography-caption-24 MuiTypography-colorTextSecondary-47 MuiTypography-alignCenter-37"
            >
              ALL PRIZES
            </span>
          </a>
        </div>
      </div>
    </div>
  </div>
  <div>
    renderCreated - 
  </div>
</div>
`;
