// Jest Snapshot v1, https://goo.gl/fbAQLP

exports[`redirects correctly 1`] = `null`;

exports[`renders correctly 1`] = `
<div
  className="Component-root-7"
>
  <div
    className="Component-header-6"
  >
    <a
      aria-current="page"
      aria-label="Go Back"
      className="MuiButtonBase-root-15 MuiIconButton-root-9 Component-root-8"
      href="/"
      onBlur={[Function]}
      onClick={[Function]}
      onContextMenu={[Function]}
      onFocus={[Function]}
      onKeyDown={[Function]}
      onKeyUp={[Function]}
      onMouseDown={[Function]}
      onMouseLeave={[Function]}
      onMouseUp={[Function]}
      onTouchEnd={[Function]}
      onTouchMove={[Function]}
      onTouchStart={[Function]}
      role="button"
      tabIndex="0"
    >
      <span
        className="MuiIconButton-label-14"
      >
        <svg
          aria-hidden="true"
          className="MuiSvgIcon-root-18 MuiSvgIcon-fontSizeLarge-26"
          focusable="false"
          role="presentation"
          viewBox="0 0 24 24"
        >
          <path
            d="M15.41 16.59L10.83 12l4.58-4.59L14 6l-6 6 6 6 1.41-1.41z"
          />
          <path
            d="M0 0h24v24H0V0z"
            fill="none"
          />
        </svg>
      </span>
      <span
        className="MuiTouchRipple-root-90"
      />
    </a>
  </div>
  <div
    className="Component-container-3"
  >
    <h2
      className="MuiTypography-root-27 MuiTypography-h2-40 MuiTypography-alignCenter-50"
    >
      PRIZEY
    </h2>
    <div
      className="Component-caption-1"
    />
    <div
      className="Component-children-2"
    >
      <h5
        className="MuiTypography-root-27 MuiTypography-h5-43 MuiTypography-alignCenter-50"
      >
        Sweet!
      </h5>
      <img
        alt="Trump mask"
        className="Component-productImage-63"
        src="/mock/trump-mask.png"
        style={
          Object {
            "width": "200px",
          }
        }
      />
      <p
        className="MuiTypography-root-27 MuiTypography-body1-36 MuiTypography-alignCenter-50"
      >
        We'll confirm through email.
      </p>
      <button
        aria-label="Play again"
        className="MuiButtonBase-root-15 MuiButton-root-64 MuiButton-contained-75 MuiButton-containedPrimary-76 MuiButton-raised-78 MuiButton-raisedPrimary-79 MuiButton-fullWidth-89"
        disabled={false}
        onBlur={[Function]}
        onClick={[Function]}
        onContextMenu={[Function]}
        onFocus={[Function]}
        onKeyDown={[Function]}
        onKeyUp={[Function]}
        onMouseDown={[Function]}
        onMouseLeave={[Function]}
        onMouseUp={[Function]}
        onTouchEnd={[Function]}
        onTouchMove={[Function]}
        onTouchStart={[Function]}
        tabIndex="0"
        type="button"
      >
        <span
          className="MuiButton-label-65"
        >
          PLAY AGAIN
        </span>
        <span
          className="MuiTouchRipple-root-90"
        />
      </button>
    </div>
    <div
      className="Component-footer-4"
    >
      <a
        className="Component-footerLink-5"
        href="https://termly.io/en/"
        rel="noopener noreferrer"
        target="_blank"
      >
        <span
          className="MuiTypography-root-27 MuiTypography-caption-37 MuiTypography-colorTextSecondary-60 MuiTypography-alignCenter-50"
        >
          TERMS
        </span>
      </a>
      <a
        className="Component-footerLink-5"
        href="https://termly.io/en/"
        rel="noopener noreferrer"
        target="_blank"
      >
        <span
          className="MuiTypography-root-27 MuiTypography-caption-37 MuiTypography-colorTextSecondary-60 MuiTypography-alignCenter-50"
        >
          PRIVACY
        </span>
      </a>
      <a
        className="Component-footerLink-5"
        href="https://termly.io/en/"
        rel="noopener noreferrer"
        target="_blank"
      >
        <span
          className="MuiTypography-root-27 MuiTypography-caption-37 MuiTypography-colorTextSecondary-60 MuiTypography-alignCenter-50"
        >
          FAIRNESS
        </span>
      </a>
      <a
        className="Component-footerLink-5"
        href="https://termly.io/en/"
        rel="noopener noreferrer"
        target="_blank"
      >
        <span
          className="MuiTypography-root-27 MuiTypography-caption-37 MuiTypography-colorTextSecondary-60 MuiTypography-alignCenter-50"
        >
          ALL PRIZES
        </span>
      </a>
    </div>
  </div>
</div>
`;
