// Jest Snapshot v1, https://goo.gl/fbAQLP

exports[`redirects correctly 1`] = `null`;

exports[`renders correctly 1`] = `
<div
  method="PUT"
  name="users"
  path="/auth"
  render={[Function]}
  renderCreated={[Function]}
>
  New -
  <div>
    render -
    <div
      className="Component-root-6"
    >
      <div
        className="Component-header-4"
      />
      <div
        className="Component-container-3"
      >
        <img
          className="Component-logoImage-5"
          src="/logo.png"
        />
        <div
          className="Component-caption-1"
        />
        <div
          className="Component-children-2"
        >
          <h5
            className="MuiTypography-root-7 MuiTypography-h5-23 MuiTypography-alignCenter-30"
          >
            Shipping Address
          </h5>
          <div
            initialValues={true}
            onSubmit={[MockFunction]}
            render={[Function]}
          >
            Formik - 
            <div
              className="Component-root-43"
            >
              Form - 
              <div
                component={[Function]}
                label="Full Name"
                name="fullname"
                type="text"
                validate={[Function]}
              >
                Field
              </div>
              <div
                component={[Function]}
                label="Address"
                name="address"
                type="text"
                validate={[Function]}
              >
                Field
              </div>
              <div
                component={[Function]}
                label="City"
                name="city"
                type="text"
                validate={[Function]}
              >
                Field
              </div>
              <div
                component={[Function]}
                label="State / Province / Region"
                name="stateProvinceRegion"
                type="text"
                validate={[Function]}
              >
                Field
              </div>
              <div
                component={[Function]}
                label="Postal Code / ZIP"
                name="zipcode"
                type="text"
                validate={[Function]}
              >
                Field
              </div>
              <div
                component={[Function]}
                label="Clothing Size"
                name="clothingSize"
                type="text"
                validate={[Function]}
              >
                Field
              </div>
              <div
                component={[Function]}
                label="Shoe Size"
                name="shoeSize"
                type="text"
                validate={[Function]}
              >
                Field
              </div>
              <div
                style={
                  Object {
                    "textAlign": "center",
                  }
                }
              />
              <button
                className="MuiButtonBase-root-70 MuiButton-root-44 MuiButton-contained-55 MuiButton-containedPrimary-56 MuiButton-raised-58 MuiButton-raisedPrimary-59 MuiButton-fullWidth-69"
                disabled={false}
                onBlur={[Function]}
                onContextMenu={[Function]}
                onFocus={[Function]}
                onKeyDown={[Function]}
                onKeyUp={[Function]}
                onMouseDown={[Function]}
                onMouseLeave={[Function]}
                onMouseUp={[Function]}
                onTouchEnd={[Function]}
                onTouchMove={[Function]}
                onTouchStart={[Function]}
                tabIndex="0"
                type="submit"
              >
                <span
                  className="MuiButton-label-45"
                >
                  SHIP IT!
                </span>
                <span
                  className="MuiTouchRipple-root-73"
                />
              </button>
            </div>
          </div>
        </div>
        <p
          className="MuiTypography-root-7 MuiTypography-body1-16 MuiTypography-alignCenter-30"
        />
      </div>
    </div>
  </div>
  <div>
    renderCreated - 
  </div>
</div>
`;
