// Jest Snapshot v1, https://goo.gl/fbAQLP

exports[`redirects correctly 1`] = `null`;

exports[`renders correctly 1`] = `
<div
  className="Component-root-8"
>
  <div
    className="Component-header-6"
  />
  <div
    className="Component-container-3"
  >
    <img
      alt="Prizey"
      className="Component-logoImage-7"
      src="/logo.png"
    />
    <div
      className="Component-caption-1"
    />
    <div
      className="Component-children-2"
    >
      <h5
        className="MuiTypography-root-9 MuiTypography-h5-25 MuiTypography-alignCenter-32"
      >
        Sweet!
      </h5>
      <img
        alt="Trump mask"
        className="Component-productImage-45"
        src="/mock/trump-mask.png"
        style={
          Object {
            "width": "200px",
          }
        }
      />
      <p
        className="MuiTypography-root-9 MuiTypography-body1-18 MuiTypography-alignCenter-32"
      >
        We'll confirm through email.
      </p>
      <button
        aria-label="Play again"
        className="MuiButtonBase-root-72 MuiButton-root-46 MuiButton-contained-57 MuiButton-containedPrimary-58 MuiButton-raised-60 MuiButton-raisedPrimary-61 MuiButton-fullWidth-71"
        disabled={false}
        onBlur={[Function]}
        onClick={[Function]}
        onContextMenu={[Function]}
        onFocus={[Function]}
        onKeyDown={[Function]}
        onKeyUp={[Function]}
        onMouseDown={[Function]}
        onMouseLeave={[Function]}
        onMouseUp={[Function]}
        onTouchEnd={[Function]}
        onTouchMove={[Function]}
        onTouchStart={[Function]}
        tabIndex="0"
        type="button"
      >
        <span
          className="MuiButton-label-47"
        >
          PLAY AGAIN
        </span>
        <span
          className="MuiTouchRipple-root-75"
        />
      </button>
    </div>
    <div
      className="Component-footer-4"
    >
      <a
        className="Component-footerLink-5"
        href="https://termly.io/en/"
        rel="noopener noreferrer"
        target="_blank"
      >
        <span
          className="MuiTypography-root-9 MuiTypography-caption-19 MuiTypography-colorTextSecondary-42 MuiTypography-alignCenter-32"
        >
          TERMS
        </span>
      </a>
      <a
        className="Component-footerLink-5"
        href="https://termly.io/en/"
        rel="noopener noreferrer"
        target="_blank"
      >
        <span
          className="MuiTypography-root-9 MuiTypography-caption-19 MuiTypography-colorTextSecondary-42 MuiTypography-alignCenter-32"
        >
          PRIVACY
        </span>
      </a>
      <a
        className="Component-footerLink-5"
        href="https://termly.io/en/"
        rel="noopener noreferrer"
        target="_blank"
      >
        <span
          className="MuiTypography-root-9 MuiTypography-caption-19 MuiTypography-colorTextSecondary-42 MuiTypography-alignCenter-32"
        >
          FAIRNESS
        </span>
      </a>
      <a
        className="Component-footerLink-5"
        href="https://termly.io/en/"
        rel="noopener noreferrer"
        target="_blank"
      >
        <span
          className="MuiTypography-root-9 MuiTypography-caption-19 MuiTypography-colorTextSecondary-42 MuiTypography-alignCenter-32"
        >
          ALL PRIZES
        </span>
      </a>
    </div>
  </div>
</div>
`;
