// Jest Snapshot v1, https://goo.gl/fbAQLP

exports[`redirects correctly 1`] = `null`;

exports[`renders correctly 1`] = `
<div
  method="PUT"
  name="users"
  path="/auth"
  render={[Function]}
  renderCreated={[Function]}
>
  New -
  <div>
    render -
    <div
      className="Component-root-7"
    >
      <div
        className="Component-header-6"
      />
      <div
        className="Component-container-3"
      >
        <h2
          className="MuiTypography-root-8 MuiTypography-h2-21 MuiTypography-alignCenter-31"
        >
          PRIZEY
        </h2>
        <div
          className="Component-caption-1"
        />
        <div
          className="Component-children-2"
        >
          <h5
            className="MuiTypography-root-8 MuiTypography-h5-24 MuiTypography-alignCenter-31"
          >
            Shipping Address
          </h5>
          <div
            initialValues={true}
            onSubmit={[MockFunction]}
            render={[Function]}
          >
            Formik - 
            <div
              className="Component-root-44"
            >
              Form - 
              <div
                component={[Function]}
                label="Full Name"
                name="fullname"
                type="text"
                validate={[Function]}
              >
                Field
              </div>
              <div
                component={[Function]}
                label="Address"
                name="address"
                type="text"
                validate={[Function]}
              >
                Field
              </div>
              <div
                component={[Function]}
                label="City"
                name="city"
                type="text"
                validate={[Function]}
              >
                Field
              </div>
              <div
                component={[Function]}
                label="State / Province / Region"
                name="stateProvinceRegion"
                type="text"
                validate={[Function]}
              >
                Field
              </div>
              <div
                component={[Function]}
                label="Postal Code / ZIP"
                name="zipcode"
                type="text"
                validate={[Function]}
              >
                Field
              </div>
              <div
                component={[Function]}
                label="Clothing Size"
                name="clothingSize"
                type="text"
                validate={[Function]}
              >
                Field
              </div>
              <div
                component={[Function]}
                label="Shoe Size"
                name="shoeSize"
                type="text"
                validate={[Function]}
              >
                Field
              </div>
              <div
                style={
                  Object {
                    "textAlign": "center",
                  }
                }
              />
              <button
                className="MuiButtonBase-root-71 MuiButton-root-45 MuiButton-contained-56 MuiButton-containedPrimary-57 MuiButton-raised-59 MuiButton-raisedPrimary-60 MuiButton-fullWidth-70"
                disabled={false}
                onBlur={[Function]}
                onContextMenu={[Function]}
                onFocus={[Function]}
                onKeyDown={[Function]}
                onKeyUp={[Function]}
                onMouseDown={[Function]}
                onMouseLeave={[Function]}
                onMouseUp={[Function]}
                onTouchEnd={[Function]}
                onTouchMove={[Function]}
                onTouchStart={[Function]}
                tabIndex="0"
                type="submit"
              >
                <span
                  className="MuiButton-label-46"
                >
                  SHIP IT!
                </span>
                <span
                  className="MuiTouchRipple-root-74"
                />
              </button>
            </div>
          </div>
        </div>
        <div
          className="Component-footer-4"
        >
          <a
            className="Component-footerLink-5"
            href="https://termly.io/en/"
            rel="noopener noreferrer"
            target="_blank"
          >
            <span
              className="MuiTypography-root-8 MuiTypography-caption-18 MuiTypography-colorTextSecondary-41 MuiTypography-alignCenter-31"
            >
              TERMS
            </span>
          </a>
          <a
            className="Component-footerLink-5"
            href="https://termly.io/en/"
            rel="noopener noreferrer"
            target="_blank"
          >
            <span
              className="MuiTypography-root-8 MuiTypography-caption-18 MuiTypography-colorTextSecondary-41 MuiTypography-alignCenter-31"
            >
              PRIVACY
            </span>
          </a>
          <a
            className="Component-footerLink-5"
            href="https://termly.io/en/"
            rel="noopener noreferrer"
            target="_blank"
          >
            <span
              className="MuiTypography-root-8 MuiTypography-caption-18 MuiTypography-colorTextSecondary-41 MuiTypography-alignCenter-31"
            >
              FAIRNESS
            </span>
          </a>
          <a
            className="Component-footerLink-5"
            href="https://termly.io/en/"
            rel="noopener noreferrer"
            target="_blank"
          >
            <span
              className="MuiTypography-root-8 MuiTypography-caption-18 MuiTypography-colorTextSecondary-41 MuiTypography-alignCenter-31"
            >
              ALL PRIZES
            </span>
          </a>
        </div>
      </div>
    </div>
  </div>
  <div>
    renderCreated - 
  </div>
</div>
`;
