// Jest Snapshot v1, https://goo.gl/fbAQLP

exports[`redirects correctly 1`] = `null`;

exports[`renders correctly 1`] = `
<div
  className="Component-root-8"
>
  <div
    className="Component-header-6"
  >
    <a
      aria-current="page"
      aria-label="Go Back"
      className="MuiButtonBase-root-16 MuiIconButton-root-10 Component-root-9"
      href="/"
      onBlur={[Function]}
      onClick={[Function]}
      onContextMenu={[Function]}
      onFocus={[Function]}
      onKeyDown={[Function]}
      onKeyUp={[Function]}
      onMouseDown={[Function]}
      onMouseLeave={[Function]}
      onMouseUp={[Function]}
      onTouchEnd={[Function]}
      onTouchMove={[Function]}
      onTouchStart={[Function]}
      role="button"
      tabIndex="0"
    >
      <span
        className="MuiIconButton-label-15"
      >
        <svg
          aria-hidden="true"
          className="MuiSvgIcon-root-19 MuiSvgIcon-fontSizeLarge-27"
          focusable="false"
          role="presentation"
          viewBox="0 0 24 24"
        >
          <path
            d="M15.41 16.59L10.83 12l4.58-4.59L14 6l-6 6 6 6 1.41-1.41z"
          />
          <path
            d="M0 0h24v24H0V0z"
            fill="none"
          />
        </svg>
      </span>
      <span
        className="MuiTouchRipple-root-91"
      />
    </a>
  </div>
  <div
    className="Component-container-3"
  >
    <img
      alt="Prizey"
      className="Component-logoImage-7"
      src="/logo.png"
    />
    <div
      className="Component-caption-1"
    />
    <div
      className="Component-children-2"
    >
      <h5
        className="MuiTypography-root-28 MuiTypography-h5-44 MuiTypography-alignCenter-51"
      >
        Sweet!
      </h5>
      <img
        alt="Trump mask"
        className="Component-productImage-64"
        src="/mock/trump-mask.png"
        style={
          Object {
            "width": "200px",
          }
        }
      />
      <p
        className="MuiTypography-root-28 MuiTypography-body1-37 MuiTypography-alignCenter-51"
      >
        We'll confirm through email.
      </p>
      <button
        aria-label="Play again"
        className="MuiButtonBase-root-16 MuiButton-root-65 MuiButton-contained-76 MuiButton-containedPrimary-77 MuiButton-raised-79 MuiButton-raisedPrimary-80 MuiButton-fullWidth-90"
        disabled={false}
        onBlur={[Function]}
        onClick={[Function]}
        onContextMenu={[Function]}
        onFocus={[Function]}
        onKeyDown={[Function]}
        onKeyUp={[Function]}
        onMouseDown={[Function]}
        onMouseLeave={[Function]}
        onMouseUp={[Function]}
        onTouchEnd={[Function]}
        onTouchMove={[Function]}
        onTouchStart={[Function]}
        tabIndex="0"
        type="button"
      >
        <span
          className="MuiButton-label-66"
        >
          PLAY AGAIN
        </span>
        <span
          className="MuiTouchRipple-root-91"
        />
      </button>
    </div>
    <div
      className="Component-footer-4"
    >
      <a
        className="Component-footerLink-5"
        href="https://termly.io/en/"
        rel="noopener noreferrer"
        target="_blank"
      >
        <span
          className="MuiTypography-root-28 MuiTypography-caption-38 MuiTypography-colorTextSecondary-61 MuiTypography-alignCenter-51"
        >
          TERMS
        </span>
      </a>
      <a
        className="Component-footerLink-5"
        href="https://termly.io/en/"
        rel="noopener noreferrer"
        target="_blank"
      >
        <span
          className="MuiTypography-root-28 MuiTypography-caption-38 MuiTypography-colorTextSecondary-61 MuiTypography-alignCenter-51"
        >
          PRIVACY
        </span>
      </a>
      <a
        className="Component-footerLink-5"
        href="https://termly.io/en/"
        rel="noopener noreferrer"
        target="_blank"
      >
        <span
          className="MuiTypography-root-28 MuiTypography-caption-38 MuiTypography-colorTextSecondary-61 MuiTypography-alignCenter-51"
        >
          FAIRNESS
        </span>
      </a>
      <a
        className="Component-footerLink-5"
        href="https://termly.io/en/"
        rel="noopener noreferrer"
        target="_blank"
      >
        <span
          className="MuiTypography-root-28 MuiTypography-caption-38 MuiTypography-colorTextSecondary-61 MuiTypography-alignCenter-51"
        >
          ALL PRIZES
        </span>
      </a>
    </div>
  </div>
</div>
`;
