// Jest Snapshot v1, https://goo.gl/fbAQLP

exports[`renders correctly 1`] = `
<div
  baseUrl="https://paynow-staging.herokuapp.com"
>
  Provider - 
  <div
    className="Component-root-5"
  >
    <div
      className="Component-header-4"
    />
    <div
      className="Component-container-3"
    >
      <h2
        className="MuiTypography-root-6 MuiTypography-h2-19 MuiTypography-alignCenter-29"
      >
        PRIZEY
      </h2>
      <div
        className="Component-caption-1"
      />
      <div
        className="Component-children-2"
      >
        <div
          className="Component-root-43"
        >
          <img
            alt="unsplash"
            className="Component-img-42"
            onClick={[Function]}
            pose="enter"
            src="/mocks/trump-mask.png"
          />
          <img
            alt="unsplash"
            className="Component-img-42"
            onClick={[Function]}
            pose="leave"
            src="/mocks/sweatshirt.png"
          />
          <img
            alt="unsplash"
            className="Component-img-42"
            onClick={[Function]}
            pose="leave"
            src="/mocks/shoe.png"
          />
        </div>
      </div>
      <p
        className="MuiTypography-root-6 MuiTypography-body2-14 MuiTypography-alignCenter-29"
      >
        Footer
      </p>
    </div>
  </div>
</div>
`;
