// Jest Snapshot v1, https://goo.gl/fbAQLP

exports[`renders correctly 1`] = `
<div
  className="Component-root-2"
>
  <img
    alt="unsplash"
    className="Component-img-1"
    onClick={[Function]}
    pose="enter"
    src="/mocks/trump-mask.png"
  />
  <img
    alt="unsplash"
    className="Component-img-1"
    onClick={[Function]}
    pose="leave"
    src="/mocks/sweatshirt.png"
  />
  <img
    alt="unsplash"
    className="Component-img-1"
    onClick={[Function]}
    pose="leave"
    src="/mocks/shoe.png"
  />
</div>
`;
