// Jest Snapshot v1, https://goo.gl/fbAQLP

exports[`redirects correctly 1`] = `null`;

exports[`renders correctly 1`] = `
<div
  className="Component-root-8"
>
  <div
    className="Component-header-6"
  />
  <div
    className="Component-container-3"
  >
    <img
      alt="Prizey"
      className="Component-logoImage-7"
      src="/logo.png"
    />
    <div
      className="Component-caption-1"
    >
      <div
        className="Component-root-13"
      >
        <span
          className="Component-icon-9 Component-icon_easy-10"
        />
        <h6
          className="MuiTypography-root-14 MuiTypography-subtitle1-32"
        >
          EASY
        </h6>
      </div>
    </div>
    <div
      className="Component-children-2"
    >
      <h5
        className="MuiTypography-root-14 MuiTypography-h5-30 MuiTypography-alignCenter-37"
      >
        Trump mask
      </h5>
      <img
        alt="Trump mask"
        className="Component-productImage-50"
        src="/mock/trump-mask.png"
        style={Object {}}
      />
      <p
        className="MuiTypography-root-14 MuiTypography-body1-23 MuiTypography-alignCenter-37"
      >
        MSRP: $
      </p>
      <div
        afterCreate={[Function]}
        name="tickets"
        path="/ticket_transactions"
        render={[Function]}
      >
        New - 
        <div>
          render - 
          <button
            aria-label="Sell it Back"
            className="MuiButtonBase-root-97 MuiButton-root-71 MuiButton-contained-82 MuiButton-containedSecondary-84 MuiButton-raised-85 MuiButton-raisedSecondary-87 MuiButton-fullWidth-96"
            disabled={false}
            onBlur={[Function]}
            onClick={[Function]}
            onContextMenu={[Function]}
            onFocus={[Function]}
            onKeyDown={[Function]}
            onKeyUp={[Function]}
            onMouseDown={[Function]}
            onMouseLeave={[Function]}
            onMouseUp={[Function]}
            onTouchEnd={[Function]}
            onTouchMove={[Function]}
            onTouchStart={[Function]}
            tabIndex="0"
            type="button"
          >
            <span
              className="MuiButton-label-72"
            >
              <span>
                SELL IT BACK
              </span>
              <div
                className="Component-rightIcon-53"
              >
                <img
                  alt="diamond"
                  className="Component-icon-51"
                  src="/icons/diamond.png"
                />
                <span
                  className="Component-quantity-52"
                >
                  3
                </span>
              </div>
            </span>
            <span
              className="MuiTouchRipple-root-100"
            />
          </button>
        </div>
      </div>
      <button
        aria-label="I want it"
        className="MuiButtonBase-root-97 MuiButton-root-71 MuiButton-contained-82 MuiButton-containedPrimary-83 MuiButton-raised-85 MuiButton-raisedPrimary-86 MuiButton-fullWidth-96"
        disabled={false}
        onBlur={[Function]}
        onClick={[Function]}
        onContextMenu={[Function]}
        onFocus={[Function]}
        onKeyDown={[Function]}
        onKeyUp={[Function]}
        onMouseDown={[Function]}
        onMouseLeave={[Function]}
        onMouseUp={[Function]}
        onTouchEnd={[Function]}
        onTouchMove={[Function]}
        onTouchStart={[Function]}
        tabIndex="0"
        type="button"
      >
        <span
          className="MuiButton-label-72"
        >
          I WANT IT!
        </span>
        <span
          className="MuiTouchRipple-root-100"
        />
      </button>
    </div>
    <div
      className="Component-footer-4"
    >
      <a
        className="Component-footerLink-5"
        href="https://termly.io/en/"
        rel="noopener noreferrer"
        target="_blank"
      >
        <span
          className="MuiTypography-root-14 MuiTypography-caption-24 MuiTypography-colorTextSecondary-47 MuiTypography-alignCenter-37"
        >
          TERMS
        </span>
      </a>
      <a
        className="Component-footerLink-5"
        href="https://termly.io/en/"
        rel="noopener noreferrer"
        target="_blank"
      >
        <span
          className="MuiTypography-root-14 MuiTypography-caption-24 MuiTypography-colorTextSecondary-47 MuiTypography-alignCenter-37"
        >
          PRIVACY
        </span>
      </a>
      <a
        className="Component-footerLink-5"
        href="https://termly.io/en/"
        rel="noopener noreferrer"
        target="_blank"
      >
        <span
          className="MuiTypography-root-14 MuiTypography-caption-24 MuiTypography-colorTextSecondary-47 MuiTypography-alignCenter-37"
        >
          FAIRNESS
        </span>
      </a>
      <a
        className="Component-footerLink-5"
        href="https://termly.io/en/"
        rel="noopener noreferrer"
        target="_blank"
      >
        <span
          className="MuiTypography-root-14 MuiTypography-caption-24 MuiTypography-colorTextSecondary-47 MuiTypography-alignCenter-37"
        >
          ALL PRIZES
        </span>
      </a>
    </div>
  </div>
</div>
`;
