// Jest Snapshot v1, https://goo.gl/fbAQLP

exports[`redirects correctly 1`] = `null`;

exports[`renders correctly 1`] = `
<div
  className="Component-root-8"
>
  <div
    className="Component-header-6"
  >
    <a
      aria-label="My profile"
      className="MuiButtonBase-root-16 MuiIconButton-root-10 Component-root-9"
      href="/profile"
      onBlur={[Function]}
      onClick={[Function]}
      onContextMenu={[Function]}
      onFocus={[Function]}
      onKeyDown={[Function]}
      onKeyUp={[Function]}
      onMouseDown={[Function]}
      onMouseLeave={[Function]}
      onMouseUp={[Function]}
      onTouchEnd={[Function]}
      onTouchMove={[Function]}
      onTouchStart={[Function]}
      role="button"
      tabIndex="0"
    >
      <span
        className="MuiIconButton-label-15"
      >
        <svg
          aria-hidden="true"
          className="MuiSvgIcon-root-36 MuiSvgIcon-fontSizeLarge-44"
          focusable="false"
          role="presentation"
          viewBox="0 0 24 24"
        >
          <path
            d="M0 0h24v24H0V0z"
            fill="none"
          />
          <g>
            <path
              d="M12 2C6.48 2 2 6.48 2 12s4.48 10 10 10 10-4.48 10-10S17.52 2 12 2zM7.07 18.28c.43-.9 3.05-1.78 4.93-1.78s4.51.88 4.93 1.78C15.57 19.36 13.86 20 12 20s-3.57-.64-4.93-1.72zm11.29-1.45c-1.43-1.74-4.9-2.33-6.36-2.33s-4.93.59-6.36 2.33C4.62 15.49 4 13.82 4 12c0-4.41 3.59-8 8-8s8 3.59 8 8c0 1.82-.62 3.49-1.64 4.83z"
            />
            <path
              d="M12 6c-1.94 0-3.5 1.56-3.5 3.5S10.06 13 12 13s3.5-1.56 3.5-3.5S13.94 6 12 6zm0 5c-.83 0-1.5-.67-1.5-1.5S11.17 8 12 8s1.5.67 1.5 1.5S12.83 11 12 11z"
            />
          </g>
        </svg>
      </span>
      <span
        className="MuiTouchRipple-root-116"
      />
    </a>
  </div>
  <div
    className="Component-container-3"
  >
    <a
      aria-current="page"
      href="/"
      onClick={[Function]}
      style={
        Object {
          "textDecoration": "none",
        }
      }
    >
      <img
        alt="Prizey"
        className="Component-logoImage-7"
        src="/logo.png"
      />
    </a>
    <div
      className="Component-caption-1"
    >
      <div
        className="Component-root-49"
      >
        <span
          className="Component-icon-45 Component-icon_easy-46"
        />
        <h6
          className="MuiTypography-root-50 MuiTypography-subtitle1-68"
        >
          EASY
        </h6>
      </div>
    </div>
    <div
      className="Component-children-2"
    >
      <h5
        className="MuiTypography-root-50 MuiTypography-h5-66 MuiTypography-alignCenter-73"
      >
        Trump mask
      </h5>
      <img
        alt="Trump mask"
        className="Component-productImage-86"
        src="/mock/trump-mask.png"
        style={Object {}}
      />
      <p
        className="MuiTypography-root-50 MuiTypography-body1-59 MuiTypography-alignCenter-73"
      >
        MSRP: $
      </p>
      <div
        afterCreate={[Function]}
        name="tickets"
        path="/ticket_transactions"
        render={[Function]}
      >
        New - 
        <div>
          render - 
          <button
            aria-label="Sell it Back"
            className="MuiButtonBase-root-16 MuiButton-root-90 MuiButton-contained-101 MuiButton-containedSecondary-103 MuiButton-raised-104 MuiButton-raisedSecondary-106 MuiButton-fullWidth-115"
            disabled={false}
            onBlur={[Function]}
            onClick={[Function]}
            onContextMenu={[Function]}
            onFocus={[Function]}
            onKeyDown={[Function]}
            onKeyUp={[Function]}
            onMouseDown={[Function]}
            onMouseLeave={[Function]}
            onMouseUp={[Function]}
            onTouchEnd={[Function]}
            onTouchMove={[Function]}
            onTouchStart={[Function]}
            tabIndex="0"
            type="button"
          >
            <span
              className="MuiButton-label-91"
            >
              <span>
                SELL IT BACK
              </span>
              <div
                className="Component-rightIcon-89"
              >
                <img
                  alt="diamond"
                  className="Component-icon-87"
                  src="/icons/diamond.png"
                />
                <span
                  className="Component-quantity-88"
                >
                  3
                </span>
              </div>
            </span>
            <span
              className="MuiTouchRipple-root-116"
            />
          </button>
        </div>
      </div>
      <button
        aria-label="I want it"
        className="MuiButtonBase-root-16 MuiButton-root-90 MuiButton-contained-101 MuiButton-containedPrimary-102 MuiButton-raised-104 MuiButton-raisedPrimary-105 MuiButton-fullWidth-115"
        disabled={false}
        onBlur={[Function]}
        onClick={[Function]}
        onContextMenu={[Function]}
        onFocus={[Function]}
        onKeyDown={[Function]}
        onKeyUp={[Function]}
        onMouseDown={[Function]}
        onMouseLeave={[Function]}
        onMouseUp={[Function]}
        onTouchEnd={[Function]}
        onTouchMove={[Function]}
        onTouchStart={[Function]}
        tabIndex="0"
        type="button"
      >
        <span
          className="MuiButton-label-91"
        >
          I WANT IT!
        </span>
        <span
          className="MuiTouchRipple-root-116"
        />
      </button>
    </div>
    <div
      className="Component-footer-4"
    >
      <a
        className="Component-footerLink-5"
        href="/terms_of_service"
        onClick={[Function]}
        rel="noopener noreferer"
        target="_blank"
      >
        <span
          className="MuiTypography-root-50 MuiTypography-caption-60 MuiTypography-colorTextSecondary-83 MuiTypography-alignCenter-73"
        >
          TERMS
        </span>
      </a>
      <a
        className="Component-footerLink-5"
        href="https://app.termly.io/document/privacy-policy/8192f107-a2dc-4548-bf83-97907c6d83c3"
        onClick={[Function]}
        rel="noopener noreferer"
        target="_blank"
      >
        <span
          className="MuiTypography-root-50 MuiTypography-caption-60 MuiTypography-colorTextSecondary-83 MuiTypography-alignCenter-73"
        >
          PRIVACY
        </span>
      </a>
      <a
        className="Component-footerLink-5"
        href="/faq"
        onClick={[Function]}
        rel="noopener noreferer"
        target="_blank"
      >
        <span
          className="MuiTypography-root-50 MuiTypography-caption-60 MuiTypography-colorTextSecondary-83 MuiTypography-alignCenter-73"
        >
          FAIRNESS / FAQ
        </span>
      </a>
      <a
        className="Component-footerLink-5"
        href="/all-prizes"
        onClick={[Function]}
        rel="noopener noreferer"
        target="_blank"
      >
        <span
          className="MuiTypography-root-50 MuiTypography-caption-60 MuiTypography-colorTextSecondary-83 MuiTypography-alignCenter-73"
        >
          ALL PRIZES
        </span>
      </a>
    </div>
  </div>
</div>
`;
