// Jest Snapshot v1, https://goo.gl/fbAQLP

exports[`redirects correctly 1`] = `null`;

exports[`renders correctly 1`] = `
<div
  className="Component-root-6"
>
  <div
    className="Component-header-4"
  >
    <a
      aria-current="page"
      aria-label="Go Back"
      className="MuiButtonBase-root-14 MuiIconButton-root-8 Component-root-7"
      href="/"
      onBlur={[Function]}
      onClick={[Function]}
      onContextMenu={[Function]}
      onFocus={[Function]}
      onKeyDown={[Function]}
      onKeyUp={[Function]}
      onMouseDown={[Function]}
      onMouseLeave={[Function]}
      onMouseUp={[Function]}
      onTouchEnd={[Function]}
      onTouchMove={[Function]}
      onTouchStart={[Function]}
      role="button"
      tabIndex="0"
    >
      <span
        className="MuiIconButton-label-13"
      >
        <svg
          aria-hidden="true"
          className="MuiSvgIcon-root-17 MuiSvgIcon-fontSizeLarge-25"
          focusable="false"
          role="presentation"
          viewBox="0 0 24 24"
        >
          <path
            d="M15.41 16.59L10.83 12l4.58-4.59L14 6l-6 6 6 6 1.41-1.41z"
          />
          <path
            d="M0 0h24v24H0V0z"
            fill="none"
          />
        </svg>
      </span>
      <span
        className="MuiTouchRipple-root-114"
      />
    </a>
  </div>
  <div
    className="Component-container-3"
  >
    <img
      alt="Prizey"
      className="Component-logoImage-5"
      src="/logo.png"
    />
    <div
      className="Component-caption-1"
    >
      <div
        className="Component-root-30"
      >
        <span
          className="Component-icon-26 Component-icon_easy-27"
        />
        <h6
          className="MuiTypography-root-31 MuiTypography-subtitle1-49"
        >
          EASY
        </h6>
      </div>
    </div>
    <div
      className="Component-children-2"
    >
      <h5
        className="MuiTypography-root-31 MuiTypography-h5-47 MuiTypography-alignCenter-54"
      >
        Trump mask
      </h5>
      <img
        alt="Trump mask"
        className="Component-productImage-67"
        src="/mock/trump-mask.png"
        style={Object {}}
      />
      <p
        className="MuiTypography-root-31 MuiTypography-body1-40 MuiTypography-alignCenter-54"
      >
        MSRP: $
      </p>
      <div
        afterCreate={[Function]}
        name="tickets"
        path="/ticket_transactions"
        render={[Function]}
      >
        New - 
        <div>
          render - 
          <button
            aria-label="Sell it Back"
            className="MuiButtonBase-root-14 MuiButton-root-88 MuiButton-contained-99 MuiButton-containedSecondary-101 MuiButton-raised-102 MuiButton-raisedSecondary-104 MuiButton-fullWidth-113"
            disabled={false}
            onBlur={[Function]}
            onClick={[Function]}
            onContextMenu={[Function]}
            onFocus={[Function]}
            onKeyDown={[Function]}
            onKeyUp={[Function]}
            onMouseDown={[Function]}
            onMouseLeave={[Function]}
            onMouseUp={[Function]}
            onTouchEnd={[Function]}
            onTouchMove={[Function]}
            onTouchStart={[Function]}
            tabIndex="0"
            type="button"
          >
            <span
              className="MuiButton-label-89"
            >
              <span>
                SELL IT BACK
              </span>
              <div
                className="Component-rightIcon-70"
              >
                <img
                  alt="diamond"
                  className="Component-icon-68"
                  src="/icons/diamond.png"
                />
                <span
                  className="Component-quantity-69"
                >
                  3
                </span>
              </div>
            </span>
            <span
              className="MuiTouchRipple-root-114"
            />
          </button>
        </div>
      </div>
      <button
        aria-label="I want it"
        className="MuiButtonBase-root-14 MuiButton-root-88 MuiButton-contained-99 MuiButton-containedPrimary-100 MuiButton-raised-102 MuiButton-raisedPrimary-103 MuiButton-fullWidth-113"
        disabled={false}
        onBlur={[Function]}
        onClick={[Function]}
        onContextMenu={[Function]}
        onFocus={[Function]}
        onKeyDown={[Function]}
        onKeyUp={[Function]}
        onMouseDown={[Function]}
        onMouseLeave={[Function]}
        onMouseUp={[Function]}
        onTouchEnd={[Function]}
        onTouchMove={[Function]}
        onTouchStart={[Function]}
        tabIndex="0"
        type="button"
      >
        <span
          className="MuiButton-label-89"
        >
          I WANT IT!
        </span>
        <span
          className="MuiTouchRipple-root-114"
        />
      </button>
    </div>
    <p
      className="MuiTypography-root-31 MuiTypography-body1-40 MuiTypography-alignCenter-54"
    />
  </div>
</div>
`;
