// Jest Snapshot v1, https://goo.gl/fbAQLP

exports[`redirects correctly 1`] = `null`;

exports[`renders correctly 1`] = `
<div
  name="purchaseOptions"
  path="/purchase_options"
  render={[Function]}
>
   - Render: 
  <div>
    <div
      className="Component-root-10"
    >
      <div
        className="Component-header-8"
      >
        <a
          aria-label="Go Back"
          className="MuiButtonBase-root-18 MuiIconButton-root-12 Component-root-11"
          href="/buy-diamonds"
          onBlur={[Function]}
          onClick={[Function]}
          onContextMenu={[Function]}
          onFocus={[Function]}
          onKeyDown={[Function]}
          onKeyUp={[Function]}
          onMouseDown={[Function]}
          onMouseLeave={[Function]}
          onMouseUp={[Function]}
          onTouchEnd={[Function]}
          onTouchMove={[Function]}
          onTouchStart={[Function]}
          role="button"
          tabIndex="0"
        >
          <span
            className="MuiIconButton-label-17"
          >
            <svg
              aria-hidden="true"
              className="MuiSvgIcon-root-21 MuiSvgIcon-fontSizeLarge-29"
              focusable="false"
              role="presentation"
              viewBox="0 0 24 24"
            >
              <path
                d="M15.41 16.59L10.83 12l4.58-4.59L14 6l-6 6 6 6 1.41-1.41z"
              />
              <path
                d="M0 0h24v24H0V0z"
                fill="none"
              />
            </svg>
          </span>
          <span
            className="MuiTouchRipple-root-250"
          />
        </a>
      </div>
      <div
        className="Component-container-5"
      >
        <img
          alt="Prizey"
          className="Component-logoImage-9"
          src="/logo.png"
        />
        <div
          className="Component-caption-3"
        />
        <div
          className="Component-children-4"
        >
          <h5
            className="MuiTypography-root-30 MuiTypography-h5-46 MuiTypography-alignCenter-53 Component-purchase-2"
          >
            <img
              alt="diamond"
              className="Component-icon-1"
              src="/icons/diamond.png"
            />
            10 Diamonds = $ 10.00
          </h5>
          <div
            afterCreate={[Function]}
            name="payments"
            render={[Function]}
          >
            New - 
            <div>
              render - 
              <div>
                <form
                  onSubmit={[Function]}
                >
                  <fieldset
                    className="MuiFormControl-root-66 MuiFormControl-fullWidth-69"
                  >
                    <label
                      className="MuiFormLabel-root-81 MuiInputLabel-root-70 MuiInputLabel-formControl-75 MuiInputLabel-animated-78"
                      data-shrink={false}
                    >
                      Card Number
                    </label>
                    <div
                      className="MuiInputBase-root-101 MuiInput-root-88 MuiInput-underline-92 MuiInputBase-fullWidth-110 MuiInput-fullWidth-95 MuiInputBase-formControl-102 MuiInput-formControl-89"
                      onClick={[Function]}
                    >
                      <input
                        className="Component-root-118"
                        onBlur={[Function]}
                        onChange={[Function]}
                        onFocus={[Function]}
                        style={
                          Object {
                            "base": Object {
                              "color": "rgba(0, 0, 0, 0.87)",
                              "fontFamily": "\\"Roboto\\", \\"Helvetica\\", \\"Arial\\", sans-serif",
                              "fontSize": "14px",
                            },
                            "invalid": Object {
                              "color": "#f44336",
                            },
                          }
                        }
                      />
                    </div>
                    <p
                      className="MuiFormHelperText-root-119"
                    />
                  </fieldset>
                  <div
                    className="MuiGrid-container-127 MuiGrid-spacing-xs-24-151"
                  >
                    <div
                      className="MuiGrid-item-128 MuiGrid-grid-xs-true-155"
                    >
                      <fieldset
                        className="MuiFormControl-root-66 MuiFormControl-fullWidth-69"
                      >
                        <label
                          className="MuiFormLabel-root-81 MuiInputLabel-root-70 MuiInputLabel-formControl-75 MuiInputLabel-animated-78"
                          data-shrink={false}
                        >
                          Expiry (MM / YY)
                        </label>
                        <div
                          className="MuiInputBase-root-101 MuiInput-root-88 MuiInput-underline-92 MuiInputBase-fullWidth-110 MuiInput-fullWidth-95 MuiInputBase-formControl-102 MuiInput-formControl-89"
                          onClick={[Function]}
                        >
                          <input
                            className="Component-root-118"
                            onBlur={[Function]}
                            onChange={[Function]}
                            onFocus={[Function]}
                            style={
                              Object {
                                "base": Object {
                                  "color": "rgba(0, 0, 0, 0.87)",
                                  "fontFamily": "\\"Roboto\\", \\"Helvetica\\", \\"Arial\\", sans-serif",
                                  "fontSize": "14px",
                                },
                                "invalid": Object {
                                  "color": "#f44336",
                                },
                              }
                            }
                          />
                        </div>
                        <p
                          className="MuiFormHelperText-root-119"
                        />
                      </fieldset>
                    </div>
                    <div
                      className="MuiGrid-item-128 MuiGrid-grid-xs-true-155"
                    >
                      <fieldset
                        className="MuiFormControl-root-66 MuiFormControl-fullWidth-69"
                      >
                        <label
                          className="MuiFormLabel-root-81 MuiInputLabel-root-70 MuiInputLabel-formControl-75 MuiInputLabel-animated-78"
                          data-shrink={false}
                        >
                          CVC
                        </label>
                        <div
                          className="MuiInputBase-root-101 MuiInput-root-88 MuiInput-underline-92 MuiInputBase-fullWidth-110 MuiInput-fullWidth-95 MuiInputBase-formControl-102 MuiInput-formControl-89"
                          onClick={[Function]}
                        >
                          <input
                            className="Component-root-118"
                            onBlur={[Function]}
                            onChange={[Function]}
                            onFocus={[Function]}
                            style={
                              Object {
                                "base": Object {
                                  "color": "rgba(0, 0, 0, 0.87)",
                                  "fontFamily": "\\"Roboto\\", \\"Helvetica\\", \\"Arial\\", sans-serif",
                                  "fontSize": "14px",
                                },
                                "invalid": Object {
                                  "color": "#f44336",
                                },
                              }
                            }
                          />
                        </div>
                        <p
                          className="MuiFormHelperText-root-119"
                        />
                      </fieldset>
                    </div>
                  </div>
                  <div
                    style={
                      Object {
                        "textAlign": "center",
                      }
                    }
                  />
                  <button
                    className="MuiButtonBase-root-18 MuiButton-root-224 MuiButton-contained-235 MuiButton-containedPrimary-236 MuiButton-raised-238 MuiButton-raisedPrimary-239 MuiButton-fullWidth-249"
                    disabled={false}
                    onBlur={[Function]}
                    onContextMenu={[Function]}
                    onFocus={[Function]}
                    onKeyDown={[Function]}
                    onKeyUp={[Function]}
                    onMouseDown={[Function]}
                    onMouseLeave={[Function]}
                    onMouseUp={[Function]}
                    onTouchEnd={[Function]}
                    onTouchMove={[Function]}
                    onTouchStart={[Function]}
                    tabIndex="0"
                    type="submit"
                  >
                    <span
                      className="MuiButton-label-225"
                    >
                      PAY
                    </span>
                    <span
                      className="MuiTouchRipple-root-250"
                    />
                  </button>
                </form>
              </div>
            </div>
          </div>
        </div>
        <div
          className="Component-footer-6"
        >
          <a
            className="Component-footerLink-7"
            href="https://termly.io/en/"
            rel="noopener noreferrer"
            target="_blank"
          >
            <span
              className="MuiTypography-root-30 MuiTypography-caption-40 MuiTypography-colorTextSecondary-63 MuiTypography-alignCenter-53"
            >
              TERMS
            </span>
          </a>
          <a
            className="Component-footerLink-7"
            href="https://termly.io/en/"
            rel="noopener noreferrer"
            target="_blank"
          >
            <span
              className="MuiTypography-root-30 MuiTypography-caption-40 MuiTypography-colorTextSecondary-63 MuiTypography-alignCenter-53"
            >
              PRIVACY
            </span>
          </a>
          <a
            className="Component-footerLink-7"
            href="https://termly.io/en/"
            rel="noopener noreferrer"
            target="_blank"
          >
            <span
              className="MuiTypography-root-30 MuiTypography-caption-40 MuiTypography-colorTextSecondary-63 MuiTypography-alignCenter-53"
            >
              FAIRNESS
            </span>
          </a>
          <a
            className="Component-footerLink-7"
            href="https://termly.io/en/"
            rel="noopener noreferrer"
            target="_blank"
          >
            <span
              className="MuiTypography-root-30 MuiTypography-caption-40 MuiTypography-colorTextSecondary-63 MuiTypography-alignCenter-53"
            >
              ALL PRIZES
            </span>
          </a>
        </div>
      </div>
    </div>
  </div>
</div>
`;
