// Jest Snapshot v1, https://goo.gl/fbAQLP

exports[`redirects correctly 1`] = `null`;

exports[`renders correctly 1`] = `
<div
  name="purchaseOptions"
  path="/purchase_options"
  render={[Function]}
>
   - Render: 
  <div
    className="Component-root-12"
  >
    <div
      className="Component-header-10"
    >
      <a
        aria-current="page"
        aria-label="Go Back"
        className="MuiButtonBase-root-20 MuiIconButton-root-14 Component-root-13"
        href="/"
        onBlur={[Function]}
        onClick={[Function]}
        onContextMenu={[Function]}
        onFocus={[Function]}
        onKeyDown={[Function]}
        onKeyUp={[Function]}
        onMouseDown={[Function]}
        onMouseLeave={[Function]}
        onMouseUp={[Function]}
        onTouchEnd={[Function]}
        onTouchMove={[Function]}
        onTouchStart={[Function]}
        role="button"
        tabIndex="0"
      >
        <span
          className="MuiIconButton-label-19"
        >
          <svg
            aria-hidden="true"
            className="MuiSvgIcon-root-23 MuiSvgIcon-fontSizeLarge-31"
            focusable="false"
            role="presentation"
            viewBox="0 0 24 24"
          >
            <path
              d="M15.41 16.59L10.83 12l4.58-4.59L14 6l-6 6 6 6 1.41-1.41z"
            />
            <path
              d="M0 0h24v24H0V0z"
              fill="none"
            />
          </svg>
        </span>
        <span
          className="MuiTouchRipple-root-94"
        />
      </a>
    </div>
    <div
      className="Component-container-7"
    >
      <img
        alt="Prizey"
        className="Component-logoImage-11"
        src="/logo.png"
      />
      <div
        className="Component-caption-5"
      />
      <div
        className="Component-children-6"
      >
        <h5
          className="MuiTypography-root-32 MuiTypography-h5-48 MuiTypography-alignCenter-55"
        >
          Purchase diamonds to play, win something every time.
        </h5>
        <div
          className="Component-buttonGroup-3"
        >
          <a
            className="MuiButtonBase-root-20 MuiButton-root-68 MuiButton-contained-79 MuiButton-containedPrimary-80 MuiButton-raised-82 MuiButton-raisedPrimary-83 MuiButton-fullWidth-93 Component-button0-1"
            href="/payment/1"
            onBlur={[Function]}
            onClick={[Function]}
            onContextMenu={[Function]}
            onFocus={[Function]}
            onKeyDown={[Function]}
            onKeyUp={[Function]}
            onMouseDown={[Function]}
            onMouseLeave={[Function]}
            onMouseUp={[Function]}
            onTouchEnd={[Function]}
            onTouchMove={[Function]}
            onTouchStart={[Function]}
            role="button"
            tabIndex="0"
          >
            <span
              className="MuiButton-label-69"
            >
              <img
                alt="diamond"
                className="Component-icon-4"
                src="/icons/diamond.png"
              />
              10 Diamonds = $ 10.00
            </span>
            <span
              className="MuiTouchRipple-root-94"
            />
          </a>
          <a
            className="MuiButtonBase-root-20 MuiButton-root-68 MuiButton-contained-79 MuiButton-containedPrimary-80 MuiButton-raised-82 MuiButton-raisedPrimary-83 MuiButton-fullWidth-93 Component-button1-2"
            href="/payment/2"
            onBlur={[Function]}
            onClick={[Function]}
            onContextMenu={[Function]}
            onFocus={[Function]}
            onKeyDown={[Function]}
            onKeyUp={[Function]}
            onMouseDown={[Function]}
            onMouseLeave={[Function]}
            onMouseUp={[Function]}
            onTouchEnd={[Function]}
            onTouchMove={[Function]}
            onTouchStart={[Function]}
            role="button"
            tabIndex="0"
          >
            <span
              className="MuiButton-label-69"
            >
              <img
                alt="diamond"
                className="Component-icon-4"
                src="/icons/diamond.png"
              />
              25 Diamonds = $ 25.00
            </span>
            <span
              className="MuiTouchRipple-root-94"
            />
          </a>
          <a
            className="MuiButtonBase-root-20 MuiButton-root-68 MuiButton-contained-79 MuiButton-containedPrimary-80 MuiButton-raised-82 MuiButton-raisedPrimary-83 MuiButton-fullWidth-93"
            href="/payment/3"
            onBlur={[Function]}
            onClick={[Function]}
            onContextMenu={[Function]}
            onFocus={[Function]}
            onKeyDown={[Function]}
            onKeyUp={[Function]}
            onMouseDown={[Function]}
            onMouseLeave={[Function]}
            onMouseUp={[Function]}
            onTouchEnd={[Function]}
            onTouchMove={[Function]}
            onTouchStart={[Function]}
            role="button"
            tabIndex="0"
          >
            <span
              className="MuiButton-label-69"
            >
              <img
                alt="diamond"
                className="Component-icon-4"
                src="/icons/diamond.png"
              />
              50 Diamonds = $ 50.00
            </span>
            <span
              className="MuiTouchRipple-root-94"
            />
          </a>
        </div>
        <p
          className="MuiTypography-root-32 MuiTypography-body2-40 MuiTypography-colorTextSecondary-65 MuiTypography-alignCenter-55"
        >
          By proceeding, you agree you're 18+.
        </p>
      </div>
      <div
        className="Component-footer-8"
      >
        <a
          className="Component-footerLink-9"
          href="https://termly.io/en/"
          rel="noopener noreferrer"
          target="_blank"
        >
          <span
            className="MuiTypography-root-32 MuiTypography-caption-42 MuiTypography-colorTextSecondary-65 MuiTypography-alignCenter-55"
          >
            TERMS
          </span>
        </a>
        <a
          className="Component-footerLink-9"
          href="https://termly.io/en/"
          rel="noopener noreferrer"
          target="_blank"
        >
          <span
            className="MuiTypography-root-32 MuiTypography-caption-42 MuiTypography-colorTextSecondary-65 MuiTypography-alignCenter-55"
          >
            PRIVACY
          </span>
        </a>
        <a
          className="Component-footerLink-9"
          href="https://termly.io/en/"
          rel="noopener noreferrer"
          target="_blank"
        >
          <span
            className="MuiTypography-root-32 MuiTypography-caption-42 MuiTypography-colorTextSecondary-65 MuiTypography-alignCenter-55"
          >
            FAIRNESS
          </span>
        </a>
        <a
          className="Component-footerLink-9"
          href="https://termly.io/en/"
          rel="noopener noreferrer"
          target="_blank"
        >
          <span
            className="MuiTypography-root-32 MuiTypography-caption-42 MuiTypography-colorTextSecondary-65 MuiTypography-alignCenter-55"
          >
            ALL PRIZES
          </span>
        </a>
      </div>
    </div>
  </div>
</div>
`;
