// Jest Snapshot v1, https://goo.gl/fbAQLP

exports[`renders correctly 1`] = `
<div
  className="Component-root-6"
>
  <div
    className="Component-header-4"
  />
  <div
    className="Component-container-3"
  >
    <img
      alt="Prizey"
      className="Component-logoImage-5"
      src="/logo.png"
    />
    <div
      className="Component-caption-1"
    />
    <div
      className="Component-children-2"
    />
    <p
      className="MuiTypography-root-7 MuiTypography-body1-16 MuiTypography-alignCenter-30"
    />
  </div>
</div>
`;
