// Jest Snapshot v1, https://goo.gl/fbAQLP

exports[`renders correctly 1`] = `
<div
  className="Component-root-8"
>
  <div
    className="Component-header-6"
  />
  <div
    className="Component-container-3"
  >
    <a
      aria-current="page"
      href="/"
      onClick={[Function]}
      style={
        Object {
          "textDecoration": "none",
        }
      }
    >
      <img
        alt="Prizey"
        className="Component-logoImage-7"
        src="/logo.png"
      />
    </a>
    <div
      className="Component-caption-1"
    />
    <div
      className="Component-children-2"
    />
    <div
      className="Component-footer-4"
    >
      <a
        className="Component-footerLink-5"
        href="https://app.termly.io/document/terms-and-conditions/4de5f3bb-a333-47bb-9daf-f82f7d4e1cfb"
        onClick={[Function]}
        rel="noopener noreferer"
        target="_blank"
      >
        <span
          className="MuiTypography-root-9 MuiTypography-caption-19 MuiTypography-colorTextSecondary-42 MuiTypography-alignCenter-32"
        >
          TERMS
        </span>
      </a>
      <a
        className="Component-footerLink-5"
        href="https://app.termly.io/document/privacy-policy/8192f107-a2dc-4548-bf83-97907c6d83c3"
        onClick={[Function]}
        rel="noopener noreferer"
        target="_blank"
      >
        <span
          className="MuiTypography-root-9 MuiTypography-caption-19 MuiTypography-colorTextSecondary-42 MuiTypography-alignCenter-32"
        >
          PRIVACY
        </span>
      </a>
      <a
        className="Component-footerLink-5"
        href="/faq"
        onClick={[Function]}
        rel="noopener noreferer"
        target="_blank"
      >
        <span
          className="MuiTypography-root-9 MuiTypography-caption-19 MuiTypography-colorTextSecondary-42 MuiTypography-alignCenter-32"
        >
          FAIRNESS / FAQ
        </span>
      </a>
      <a
        className="Component-footerLink-5"
        href="/all-prizes"
        onClick={[Function]}
        rel="noopener noreferer"
        target="_blank"
      >
        <span
          className="MuiTypography-root-9 MuiTypography-caption-19 MuiTypography-colorTextSecondary-42 MuiTypography-alignCenter-32"
        >
          ALL PRIZES
        </span>
      </a>
    </div>
  </div>
</div>
`;
