// Jest Snapshot v1, https://goo.gl/fbAQLP

exports[`renders correctly 1`] = `
<div
  name="purchaseOptions"
  path="/purchase_options"
  render={[Function]}
>
  List: 
  <div
    render={[Function]}
    tags={
      Array [
        "difficulty_title",
        "difficulty_bottom_text",
        "difficulty_first_level_label",
        "difficulty_second_level_label",
        "difficulty_third_level_label",
      ]
    }
  >
    AdminText -
     
    <div
      className="Component-root-12"
    >
      <div
        className="Component-header-10"
      >
        <div
          aria-label="My profile"
          className="MuiButtonBase-root-20 MuiIconButton-root-14 Component-root-13"
          onBlur={[Function]}
          onClick={[Function]}
          onContextMenu={[Function]}
          onFocus={[Function]}
          onKeyDown={[Function]}
          onKeyUp={[Function]}
          onMouseDown={[Function]}
          onMouseLeave={[Function]}
          onMouseUp={[Function]}
          onTouchEnd={[Function]}
          onTouchMove={[Function]}
          onTouchStart={[Function]}
          role="button"
          tabIndex="0"
          to="/profile"
        >
          Link - 
          <span
            className="MuiIconButton-label-19"
          >
            <svg
              aria-hidden="true"
              className="MuiSvgIcon-root-23 MuiSvgIcon-fontSizeLarge-31"
              focusable="false"
              role="presentation"
              viewBox="0 0 24 24"
            >
              <path
                d="M0 0h24v24H0V0z"
                fill="none"
              />
              <g>
                <path
                  d="M12 2C6.48 2 2 6.48 2 12s4.48 10 10 10 10-4.48 10-10S17.52 2 12 2zM7.07 18.28c.43-.9 3.05-1.78 4.93-1.78s4.51.88 4.93 1.78C15.57 19.36 13.86 20 12 20s-3.57-.64-4.93-1.72zm11.29-1.45c-1.43-1.74-4.9-2.33-6.36-2.33s-4.93.59-6.36 2.33C4.62 15.49 4 13.82 4 12c0-4.41 3.59-8 8-8s8 3.59 8 8c0 1.82-.62 3.49-1.64 4.83z"
                />
                <path
                  d="M12 6c-1.94 0-3.5 1.56-3.5 3.5S10.06 13 12 13s3.5-1.56 3.5-3.5S13.94 6 12 6zm0 5c-.83 0-1.5-.67-1.5-1.5S11.17 8 12 8s1.5.67 1.5 1.5S12.83 11 12 11z"
                />
              </g>
            </svg>
          </span>
          <span
            className="MuiTouchRipple-root-102"
          />
        </div>
      </div>
      <div
        className="Component-container-7"
      >
        <div
          onClick={[Function]}
          style={
            Object {
              "textDecoration": "none",
            }
          }
          to="/"
        >
          Link - 
          <img
            alt="Prizey"
            className="Component-logoImage-11"
            src="/logo.png"
          />
        </div>
        <div
          className="Component-caption-5"
        />
        <div
          className="Component-children-6"
        >
          <h5
            className="MuiTypography-root-32 MuiTypography-h5-48 MuiTypography-alignCenter-55"
          >
            Pick a difficulty
          </h5>
          <div
            className="Component-buttonGroup-1"
          >
            <a
              href="https://www.liveappsearch.com/cl.php?id=bc4c7871d74a21ed7fa70b785d2cb6aa"
              style={
                Object {
                  "textDecoration": "none",
                }
              }
            >
              <button
                className="MuiButtonBase-root-20 MuiButton-root-68 MuiButton-contained-79 MuiButton-containedPrimary-80 MuiButton-raised-82 MuiButton-raisedPrimary-83 MuiButton-fullWidth-93 Component-freeDiamonds-2"
                disabled={false}
                onBlur={[Function]}
                onContextMenu={[Function]}
                onFocus={[Function]}
                onKeyDown={[Function]}
                onKeyUp={[Function]}
                onMouseDown={[Function]}
                onMouseLeave={[Function]}
                onMouseUp={[Function]}
                onTouchEnd={[Function]}
                onTouchMove={[Function]}
                onTouchStart={[Function]}
                tabIndex="0"
                type="button"
              >
                <span
                  className="MuiButton-label-69"
                >
                  <span
                    className="Component-label-4"
                  >
                    EASY
                  </span>
                </span>
                <span
                  className="MuiTouchRipple-root-102"
                />
              </button>
            </a>
            <div
              afterCreate={[Function]}
              name="tickets"
              path="/ticket_transactions"
              render={[Function]}
            >
              New - 
              <div>
                render - 
                <button
                  className="MuiButtonBase-root-20 MuiButton-root-68 MuiButton-contained-79 MuiButton-containedPrimary-80 MuiButton-raised-82 MuiButton-raisedPrimary-83 MuiButton-fullWidth-93 Component-root_medium-101"
                  disabled={false}
                  onBlur={[Function]}
                  onClick={[Function]}
                  onContextMenu={[Function]}
                  onFocus={[Function]}
                  onKeyDown={[Function]}
                  onKeyUp={[Function]}
                  onMouseDown={[Function]}
                  onMouseLeave={[Function]}
                  onMouseUp={[Function]}
                  onTouchEnd={[Function]}
                  onTouchMove={[Function]}
                  onTouchStart={[Function]}
                  tabIndex="0"
                  type="button"
                >
                  <span
                    className="MuiButton-label-69"
                  >
                    <span
                      className="Component-label-95"
                    >
                      MEDIUM
                    </span>
                    <img
                      alt="diamond"
                      className="Component-icon-94"
                      src="/icons/diamond.png"
                    />
                    <span
                      className="Component-quantity-98"
                    >
                      10
                    </span>
                  </span>
                  <span
                    className="MuiTouchRipple-root-102"
                  />
                </button>
              </div>
            </div>
            <div
              afterCreate={[Function]}
              name="tickets"
              path="/ticket_transactions"
              render={[Function]}
            >
              New - 
              <div>
                render - 
                <button
                  className="MuiButtonBase-root-20 MuiButton-root-68 MuiButton-contained-79 MuiButton-containedPrimary-80 MuiButton-raised-82 MuiButton-raisedPrimary-83 MuiButton-fullWidth-93 Component-root_hard-100"
                  disabled={false}
                  onBlur={[Function]}
                  onClick={[Function]}
                  onContextMenu={[Function]}
                  onFocus={[Function]}
                  onKeyDown={[Function]}
                  onKeyUp={[Function]}
                  onMouseDown={[Function]}
                  onMouseLeave={[Function]}
                  onMouseUp={[Function]}
                  onTouchEnd={[Function]}
                  onTouchMove={[Function]}
                  onTouchStart={[Function]}
                  tabIndex="0"
                  type="button"
                >
                  <span
                    className="MuiButton-label-69"
                  >
                    <span
                      className="Component-label-95"
                    >
                      HARD
                    </span>
                    <img
                      alt="diamond"
                      className="Component-icon-94"
                      src="/icons/diamond.png"
                    />
                    <span
                      className="Component-quantity-98"
                    >
                      20
                    </span>
                  </span>
                  <span
                    className="MuiTouchRipple-root-102"
                  />
                </button>
              </div>
            </div>
          </div>
          <p
            className="MuiTypography-root-32 MuiTypography-body1-41 MuiTypography-alignCenter-55"
          >
            The harder difficulty, the better the prizes.
          </p>
        </div>
        <div
          className="Component-footer-8"
        >
          <div
            className="Component-footerLink-9"
            onClick={[Function]}
            rel="noopener noreferer"
            target="_blank"
            to="/terms_of_service"
          >
            Link - 
            <span
              className="MuiTypography-root-32 MuiTypography-caption-42 MuiTypography-colorTextSecondary-65 MuiTypography-alignCenter-55"
            >
              TERMS
            </span>
          </div>
          <div
            className="Component-footerLink-9"
            onClick={[Function]}
            rel="noopener noreferer"
            target="_blank"
            to="/privacy-policy"
          >
            Link - 
            <span
              className="MuiTypography-root-32 MuiTypography-caption-42 MuiTypography-colorTextSecondary-65 MuiTypography-alignCenter-55"
            >
              PRIVACY
            </span>
          </div>
          <div
            className="Component-footerLink-9"
            onClick={[Function]}
            rel="noopener noreferer"
            target="_blank"
            to="/faq"
          >
            Link - 
            <span
              className="MuiTypography-root-32 MuiTypography-caption-42 MuiTypography-colorTextSecondary-65 MuiTypography-alignCenter-55"
            >
              FAIRNESS / FAQ
            </span>
          </div>
          <div
            className="Component-footerLink-9"
            onClick={[Function]}
            rel="noopener noreferer"
            target="_blank"
            to="/all-prizes"
          >
            Link - 
            <span
              className="MuiTypography-root-32 MuiTypography-caption-42 MuiTypography-colorTextSecondary-65 MuiTypography-alignCenter-55"
            >
              ALL PRIZES
            </span>
          </div>
        </div>
      </div>
    </div>
  </div>
   - renderLoading -
   
</div>
`;

exports[`when we don't have the currentUser yet redirects correctly 1`] = `
<div
  noThrow={true}
  to="/sign-in?next=/game"
>
  Redirect
</div>
`;
