// Jest Snapshot v1, https://goo.gl/fbAQLP

exports[`renders correctly 1`] = `
<div
  name="products"
  path="/products/easy"
  render={[Function]}
>
   - Render: 
  <div
    id={1}
    name="game"
    path="/game_setting"
    render={[Function]}
  >
    Info -
     
    <div
      className="Component-root-8"
    >
      <div
        className="Component-header-6"
      >
        <a
          aria-current="page"
          aria-label="Go Back"
          className="MuiButtonBase-root-16 MuiIconButton-root-10 Component-root-9"
          href="/"
          onBlur={[Function]}
          onClick={[Function]}
          onContextMenu={[Function]}
          onFocus={[Function]}
          onKeyDown={[Function]}
          onKeyUp={[Function]}
          onMouseDown={[Function]}
          onMouseLeave={[Function]}
          onMouseUp={[Function]}
          onTouchEnd={[Function]}
          onTouchMove={[Function]}
          onTouchStart={[Function]}
          role="button"
          tabIndex="0"
        >
          <span
            className="MuiIconButton-label-15"
          >
            <svg
              aria-hidden="true"
              className="MuiSvgIcon-root-19 MuiSvgIcon-fontSizeLarge-27"
              focusable="false"
              role="presentation"
              viewBox="0 0 24 24"
            >
              <path
                d="M15.41 16.59L10.83 12l4.58-4.59L14 6l-6 6 6 6 1.41-1.41z"
              />
              <path
                d="M0 0h24v24H0V0z"
                fill="none"
              />
            </svg>
          </span>
          <span
            className="MuiTouchRipple-root-71"
          />
        </a>
      </div>
      <div
        className="Component-container-3"
      >
        <img
          alt="Prizey"
          className="Component-logoImage-7"
          src="/logo.png"
        />
        <div
          className="Component-caption-1"
        >
          <div
            className="Component-root-32"
          >
            <span
              className="Component-icon-28 Component-icon_easy-29"
            />
            <h6
              className="MuiTypography-root-33 MuiTypography-subtitle1-51"
            >
              EASY
            </h6>
          </div>
        </div>
        <div
          className="Component-children-2"
        >
          <div
            className="Component-root-70"
          >
            <div
              aria-label="rouletteItem-0"
              onMouseDown={[Function]}
            >
              <img
                alt="trump"
                className="Component-img-69"
                pose="enter"
                speed={NaN}
                src="/mocks/trump-mask.png"
              />
            </div>
            <div
              aria-label="rouletteItem-1"
              onMouseDown={[Function]}
            >
              <img
                alt="sweatshirt"
                className="Component-img-69"
                pose="leave"
                speed={NaN}
                src="/mocks/sweatshirt.png"
              />
            </div>
            <div
              aria-label="rouletteItem-2"
              onMouseDown={[Function]}
            >
              <img
                alt="shoe"
                className="Component-img-69"
                pose="leave"
                speed={NaN}
                src="/mocks/shoe.png"
              />
            </div>
          </div>
          <br />
          <p
            className="MuiTypography-root-33 MuiTypography-body2-41 MuiTypography-colorTextSecondary-66 MuiTypography-alignCenter-56"
          >
            Tap the screen, 
            <br />
            win what you tap.
          </p>
        </div>
        <div
          className="Component-footer-4"
        >
          <a
            className="Component-footerLink-5"
            href="https://termly.io/en/"
            rel="noopener noreferrer"
            target="_blank"
          >
            <span
              className="MuiTypography-root-33 MuiTypography-caption-43 MuiTypography-colorTextSecondary-66 MuiTypography-alignCenter-56"
            >
              TERMS
            </span>
          </a>
          <a
            className="Component-footerLink-5"
            href="https://termly.io/en/"
            rel="noopener noreferrer"
            target="_blank"
          >
            <span
              className="MuiTypography-root-33 MuiTypography-caption-43 MuiTypography-colorTextSecondary-66 MuiTypography-alignCenter-56"
            >
              PRIVACY
            </span>
          </a>
          <a
            className="Component-footerLink-5"
            href="https://termly.io/en/"
            rel="noopener noreferrer"
            target="_blank"
          >
            <span
              className="MuiTypography-root-33 MuiTypography-caption-43 MuiTypography-colorTextSecondary-66 MuiTypography-alignCenter-56"
            >
              FAIRNESS
            </span>
          </a>
          <a
            className="Component-footerLink-5"
            href="https://termly.io/en/"
            rel="noopener noreferrer"
            target="_blank"
          >
            <span
              className="MuiTypography-root-33 MuiTypography-caption-43 MuiTypography-colorTextSecondary-66 MuiTypography-alignCenter-56"
            >
              ALL PRIZES
            </span>
          </a>
        </div>
      </div>
    </div>
  </div>
</div>
`;

exports[`when we don't have the currentUser yet redirects correctly 1`] = `null`;
