// Jest Snapshot v1, https://goo.gl/fbAQLP

exports[`renders correctly 1`] = `
<div
  name="products"
  path="/products/easy"
  render={[Function]}
>
   - Render: 
  <div
    id={1}
    name="game"
    path="/game_setting"
    render={[Function]}
  >
    Info -
     
    <div
      className="Component-root-8"
    >
      <div
        className="Component-header-6"
      />
      <div
        className="Component-container-3"
      >
        <img
          alt="Prizey"
          className="Component-logoImage-7"
          src="/logo.png"
        />
        <div
          className="Component-caption-1"
        >
          <div
            className="Component-root-13"
          >
            <span
              className="Component-icon-9 Component-icon_easy-10"
            />
            <h6
              className="MuiTypography-root-14 MuiTypography-subtitle1-32"
            >
              EASY
            </h6>
          </div>
        </div>
        <div
          className="Component-children-2"
        >
          <div
            className="Component-root-51"
          >
            <div
              aria-label="rouletteItem-0"
              onMouseDown={[Function]}
            >
              <img
                alt="trump"
                className="Component-img-50"
                pose="enter"
                speed={NaN}
                src="/mocks/trump-mask.png"
              />
            </div>
            <div
              aria-label="rouletteItem-1"
              onMouseDown={[Function]}
            >
              <img
                alt="sweatshirt"
                className="Component-img-50"
                pose="leave"
                speed={NaN}
                src="/mocks/sweatshirt.png"
              />
            </div>
            <div
              aria-label="rouletteItem-2"
              onMouseDown={[Function]}
            >
              <img
                alt="shoe"
                className="Component-img-50"
                pose="leave"
                speed={NaN}
                src="/mocks/shoe.png"
              />
            </div>
          </div>
          <br />
          <p
            className="MuiTypography-root-14 MuiTypography-body2-22 MuiTypography-colorTextSecondary-47 MuiTypography-alignCenter-37"
          >
            Tap the screen, 
            <br />
            win what you tap.
          </p>
        </div>
        <div
          className="Component-footer-4"
        >
          <a
            className="Component-footerLink-5"
            href="https://termly.io/en/"
            rel="noopener noreferrer"
            target="_blank"
          >
            <span
              className="MuiTypography-root-14 MuiTypography-caption-24 MuiTypography-colorTextSecondary-47 MuiTypography-alignCenter-37"
            >
              TERMS
            </span>
          </a>
          <a
            className="Component-footerLink-5"
            href="https://termly.io/en/"
            rel="noopener noreferrer"
            target="_blank"
          >
            <span
              className="MuiTypography-root-14 MuiTypography-caption-24 MuiTypography-colorTextSecondary-47 MuiTypography-alignCenter-37"
            >
              PRIVACY
            </span>
          </a>
          <a
            className="Component-footerLink-5"
            href="https://termly.io/en/"
            rel="noopener noreferrer"
            target="_blank"
          >
            <span
              className="MuiTypography-root-14 MuiTypography-caption-24 MuiTypography-colorTextSecondary-47 MuiTypography-alignCenter-37"
            >
              FAIRNESS
            </span>
          </a>
          <a
            className="Component-footerLink-5"
            href="https://termly.io/en/"
            rel="noopener noreferrer"
            target="_blank"
          >
            <span
              className="MuiTypography-root-14 MuiTypography-caption-24 MuiTypography-colorTextSecondary-47 MuiTypography-alignCenter-37"
            >
              ALL PRIZES
            </span>
          </a>
        </div>
      </div>
    </div>
  </div>
</div>
`;

exports[`when we don't have the currentUser yet redirects correctly 1`] = `null`;
