// Jest Snapshot v1, https://goo.gl/fbAQLP

exports[`renders correctly 1`] = `
<div
  className="Component-root-2"
>
  <div
    aria-label="rouletteItem-0"
    onMouseDown={[Function]}
  >
    <img
      alt="trump"
      className="Component-img-1"
      pose="enter"
      speed={5000}
      src="/mocks/trump-mask.png"
    />
  </div>
  <div
    aria-label="rouletteItem-1"
    onMouseDown={[Function]}
  >
    <img
      alt="sweatshirt"
      className="Component-img-1"
      pose="leave"
      speed={5000}
      src="/mocks/sweatshirt.png"
    />
  </div>
  <div
    aria-label="rouletteItem-2"
    onMouseDown={[Function]}
  >
    <img
      alt="shoe"
      className="Component-img-1"
      pose="leave"
      speed={5000}
      src="/mocks/shoe.png"
    />
  </div>
</div>
`;
