// Jest Snapshot v1, https://goo.gl/fbAQLP

exports[`redirects correctly 1`] = `null`;

exports[`renders correctly 1`] = `
<div
  className="Component-root-6"
>
  <div
    className="Component-header-4"
  />
  <div
    className="Component-container-3"
  >
    <img
      alt="Prizey"
      className="Component-logoImage-5"
      src="/logo.png"
    />
    <div
      className="Component-caption-1"
    />
    <div
      className="Component-children-2"
    >
      <h5
        className="MuiTypography-root-7 MuiTypography-h5-23 MuiTypography-alignCenter-30"
      >
        Congrats! You sold the product for 3 diamonds.
      </h5>
      <br />
      <button
        aria-label="Go to home"
        className="MuiButtonBase-root-69 MuiButton-root-43 MuiButton-contained-54 MuiButton-containedSecondary-56 MuiButton-raised-57 MuiButton-raisedSecondary-59 MuiButton-fullWidth-68"
        disabled={false}
        onBlur={[Function]}
        onClick={[Function]}
        onContextMenu={[Function]}
        onFocus={[Function]}
        onKeyDown={[Function]}
        onKeyUp={[Function]}
        onMouseDown={[Function]}
        onMouseLeave={[Function]}
        onMouseUp={[Function]}
        onTouchEnd={[Function]}
        onTouchMove={[Function]}
        onTouchStart={[Function]}
        tabIndex="0"
        type="button"
      >
        <span
          className="MuiButton-label-44"
        >
          Go to home
        </span>
        <span
          className="MuiTouchRipple-root-72"
        />
      </button>
      <button
        aria-label="Play Again"
        className="MuiButtonBase-root-69 MuiButton-root-43 MuiButton-contained-54 MuiButton-containedPrimary-55 MuiButton-raised-57 MuiButton-raisedPrimary-58 MuiButton-fullWidth-68"
        disabled={false}
        onBlur={[Function]}
        onClick={[Function]}
        onContextMenu={[Function]}
        onFocus={[Function]}
        onKeyDown={[Function]}
        onKeyUp={[Function]}
        onMouseDown={[Function]}
        onMouseLeave={[Function]}
        onMouseUp={[Function]}
        onTouchEnd={[Function]}
        onTouchMove={[Function]}
        onTouchStart={[Function]}
        tabIndex="0"
        type="button"
      >
        <span
          className="MuiButton-label-44"
        >
          Play Again
        </span>
        <span
          className="MuiTouchRipple-root-72"
        />
      </button>
    </div>
    <p
      className="MuiTypography-root-7 MuiTypography-body1-16 MuiTypography-alignCenter-30"
    />
  </div>
</div>
`;
