// Jest Snapshot v1, https://goo.gl/fbAQLP

exports[`redirects correctly 1`] = `null`;

exports[`renders correctly 1`] = `
<div
  className="Component-root-5"
>
  <div
    className="Component-header-4"
  />
  <div
    className="Component-container-3"
  >
    <h2
      className="MuiTypography-root-6 MuiTypography-h2-19 MuiTypography-alignCenter-29"
    >
      PRIZEY
    </h2>
    <div
      className="Component-caption-1"
    />
    <div
      className="Component-children-2"
    >
      <h5
        className="MuiTypography-root-6 MuiTypography-h5-22 MuiTypography-alignCenter-29"
      >
        Congrats! You sold the product for 3 diamonds.
      </h5>
      <br />
      <button
        aria-label="Go to home"
        className="MuiButtonBase-root-68 MuiButton-root-42 MuiButton-contained-53 MuiButton-containedSecondary-55 MuiButton-raised-56 MuiButton-raisedSecondary-58 MuiButton-fullWidth-67"
        disabled={false}
        onBlur={[Function]}
        onClick={[Function]}
        onContextMenu={[Function]}
        onFocus={[Function]}
        onKeyDown={[Function]}
        onKeyUp={[Function]}
        onMouseDown={[Function]}
        onMouseLeave={[Function]}
        onMouseUp={[Function]}
        onTouchEnd={[Function]}
        onTouchMove={[Function]}
        onTouchStart={[Function]}
        tabIndex="0"
        type="button"
      >
        <span
          className="MuiButton-label-43"
        >
          Go to home
        </span>
        <span
          className="MuiTouchRipple-root-71"
        />
      </button>
      <button
        aria-label="Play Again"
        className="MuiButtonBase-root-68 MuiButton-root-42 MuiButton-contained-53 MuiButton-containedPrimary-54 MuiButton-raised-56 MuiButton-raisedPrimary-57 MuiButton-fullWidth-67"
        disabled={false}
        onBlur={[Function]}
        onClick={[Function]}
        onContextMenu={[Function]}
        onFocus={[Function]}
        onKeyDown={[Function]}
        onKeyUp={[Function]}
        onMouseDown={[Function]}
        onMouseLeave={[Function]}
        onMouseUp={[Function]}
        onTouchEnd={[Function]}
        onTouchMove={[Function]}
        onTouchStart={[Function]}
        tabIndex="0"
        type="button"
      >
        <span
          className="MuiButton-label-43"
        >
          Play Again
        </span>
        <span
          className="MuiTouchRipple-root-71"
        />
      </button>
    </div>
    <p
      className="MuiTypography-root-6 MuiTypography-body1-15 MuiTypography-alignCenter-29"
    />
  </div>
</div>
`;
